Archive member included to satisfy reference by file (symbol)

c:/program files/microchip/xc32/v4.60/bin/bin/../../lib/gcc/pic32c/8.3.1/../../../../pic32c/lib/thumb/v7e-m+dp/hard\libpic32c.a(data_init.o)
                              build/default/production/_ext/1171490990/startup_xc32.o (__pic32c_data_initialization)
c:/program files/microchip/xc32/v4.60/bin/bin/../../lib/gcc/pic32c/8.3.1/../../../../pic32c/lib/thumb/v7e-m+dp/hard\libc-size-musl.a(memcpy.o)
                              build/default/production/_ext/60167248/plib_efc.o (memcpy)
c:/program files/microchip/xc32/v4.60/bin/bin/../../lib/gcc/pic32c/8.3.1/../../../../pic32c/lib/thumb/v7e-m+dp/hard\libc-size-musl.a(memset.o)
                              build/default/production/_ext/659870106/spi_common.o (memset)
c:/program files/microchip/xc32/v4.60/bin/bin/../../lib/gcc/pic32c/8.3.1/../../../../pic32c/lib/thumb/v7e-m+dp/hard\libc-size-musl.a(strlen.o)
                              build/default/production/_ext/659870106/print_fuction.o (strlen)
c:/program files/microchip/xc32/v4.60/bin/bin/../../lib/gcc/pic32c/8.3.1/../../../../pic32c/lib/thumb/v7e-m+dp/hard\libc-musl.a(__libc_start_main.o)
                              build/default/production/_ext/1171490990/startup_xc32.o (__libc_init_array)
c:/program files/microchip/xc32/v4.60/bin/bin/../../lib/gcc/pic32c/8.3.1/../../../../pic32c/lib/thumb/v7e-m+dp/hard\libc-musl.a(libc.o)
                              c:/program files/microchip/xc32/v4.60/bin/bin/../../lib/gcc/pic32c/8.3.1/../../../../pic32c/lib/thumb/v7e-m+dp/hard\libc-musl.a(__libc_start_main.o) (__progname_full)
c:/program files/microchip/xc32/v4.60/bin/bin/../../lib/gcc/pic32c/8.3.1/../../../../pic32c/lib/thumb/v7e-m+dp/hard\libc-musl.a(__environ.o)
                              c:/program files/microchip/xc32/v4.60/bin/bin/../../lib/gcc/pic32c/8.3.1/../../../../pic32c/lib/thumb/v7e-m+dp/hard\libc-musl.a(__libc_start_main.o) (__environ)
c:/program files/microchip/xc32/v4.60/bin/bin/../../lib/gcc/pic32c/8.3.1/thumb/v7e-m+dp/hard\libgcc.a(_aeabi_uldivmod.o)
                              build/default/production/_ext/659870106/delay.o (__aeabi_uldivmod)
c:/program files/microchip/xc32/v4.60/bin/bin/../../lib/gcc/pic32c/8.3.1/thumb/v7e-m+dp/hard\libgcc.a(_udivmoddi4.o)
                              c:/program files/microchip/xc32/v4.60/bin/bin/../../lib/gcc/pic32c/8.3.1/thumb/v7e-m+dp/hard\libgcc.a(_aeabi_uldivmod.o) (__udivmoddi4)
c:/program files/microchip/xc32/v4.60/bin/bin/../../lib/gcc/pic32c/8.3.1/thumb/v7e-m+dp/hard\libgcc.a(_dvmd_tls.o)
                              c:/program files/microchip/xc32/v4.60/bin/bin/../../lib/gcc/pic32c/8.3.1/thumb/v7e-m+dp/hard\libgcc.a(_aeabi_uldivmod.o) (__aeabi_ldiv0)
c:/program files/microchip/xc32/v4.60/bin/bin/../../lib/gcc/pic32c/8.3.1/../../../../pic32c/lib/thumb/v7e-m+dp/hard\libpic32c.a(pic32_data_init_clear.o)
                              (__dinit_clear_needed)
c:/program files/microchip/xc32/v4.60/bin/bin/../../lib/gcc/pic32c/8.3.1/../../../../pic32c/lib/thumb/v7e-m+dp/hard\libpic32c.a(pic32_data_init_copy.o)
                              (__dinit_copy_needed)

Microchip PIC32 Memory-Usage Report

ROM Program-Memory Usage
section                    address  length [bytes]      (dec)  Description
-------                 ----------  -------------------------  -----------
.vectors                  0x400000          0x168         360   
.text                     0x400168           0x20          32  App's exec code 
.ARM.exidx                0x400188            0x8           8   
.text                     0x400190          0x2bc         700  App's exec code 
.text.Reset_Handler       0x40044c          0x178         376   
.text.SPI0_InterruptHan   0x4005c4          0x140         320   
.text.SPI0_WriteRead      0x400704          0x124         292   
.text.PIO_Initialize      0x400828           0xd0         208   
.dinit                    0x4008f8           0x90         144   
.text.main                0x400988           0x80         128   
.text.USART1_Write        0x400a08           0x78         120   
.text.USART1_ISR_TX_Han   0x400a80           0x74         116   
.text.CLOCK_Initialize    0x400af4           0x68         104   
.text.USART1_ISR_RX_Han   0x400b5c           0x68         104   
.text.USART1_InterruptH   0x400bc4           0x64         100   
.text.NVIC_Initialize     0x400c28           0x60          96   
.text.delay_init          0x400c88           0x5c          92   
.text.__libc_start_init   0x400ce4           0x5c          92   
.text.USART1_WriteHexDu   0x400d40           0x4e          78   
.text.SPI0_ReadBlocking   0x400d8e           0x4c          76   
.text.NonMaskableInt_Ha   0x400dda            0x2           2   
.rodata.main.str1.4       0x400ddc           0x48          72   
.text.delay_us            0x400e24           0x48          72   
.text                     0x400e6c           0x40          64  App's exec code 
[...]
Memory Configuration

Name             Origin             Length             Attributes
rom              0x0000000000400000 0x0000000000200000 xrl
ram              0x0000000020400000 0x0000000000060000 xw !r
itcm             0x0000000000000000 0x0000000000000000 xw
dtcm             0x0000000020000000 0x0000000000000000 xw !r
*default*        0x0000000000000000 0xffffffffffffffff

Linker script and memory map

LOAD c:/program files/microchip/xc32/v4.60/bin/bin/../../lib/gcc/pic32c/8.3.1/thumb/v7e-m+dp/hard/crti.o
LOAD c:/program files/microchip/xc32/v4.60/bin/bin/../../lib/gcc/pic32c/8.3.1/thumb/v7e-m+dp/hard/crtbegin.o
LOAD build/default/production/_ext/60165520/plib_clk.o
LOAD build/default/production/_ext/60167248/plib_efc.o
LOAD build/default/production/_ext/1865468468/plib_nvic.o
LOAD build/default/production/_ext/60177924/plib_pio.o
LOAD build/default/production/_ext/298189674/plib_spi0_master.o
LOAD build/default/production/_ext/2001315827/plib_usart1.o
LOAD build/default/production/_ext/163028504/xc32_monitor.o
LOAD build/default/production/_ext/1171490990/exceptions.o
LOAD build/default/production/_ext/1171490990/startup_xc32.o
LOAD build/default/production/_ext/1171490990/interrupts.o
LOAD build/default/production/_ext/1171490990/libc_syscalls.o
LOAD build/default/production/_ext/1171490990/initialization.o
LOAD build/default/production/_ext/1360937237/main.o
LOAD build/default/production/_ext/659870106/print_fuction.o
LOAD build/default/production/_ext/659870106/rb.o
LOAD build/default/production/_ext/659870106/delay.o
LOAD build/default/production/_ext/659870106/spi_common.o
                0x0000000000000001                __MPLAB_BUILD = 0x1
                0x0000000000600000                __rom_end = (ORIGIN (rom) + LENGTH (rom))
                0x0000000020460000                __ram_end = (ORIGIN (ram) + LENGTH (ram))

.vectors        0x0000000000400000      0x168
                0x0000000000400000                . = ALIGN (0x4)
                0x0000000000400000                _sfixed = .
 *(.vectors .vectors.* .vectors_default .vectors_default.*)
 .vectors.exception_table
                0x0000000000400000      0x168 build/default/production/_ext/1171490990/interrupts.o
                0x0000000000400000                exception_table
 *(.isr_vector)
 *(.reset*)
 *(.after_vectors)

.text           0x0000000000400168       0x20
                0x0000000000400168                . = ALIGN (0x4)
 *(.glue_7t)
 .glue_7t       0x0000000000400168        0x0 linker stubs
 *(.glue_7)
 .glue_7        0x0000000000400168        0x0 linker stubs
 *(.gnu.linkonce.r.*)
 *(.ARM.extab* .gnu.linkonce.armextab.*)
                0x0000000000400168                . = ALIGN (0x4)
 *(.init)
 .init          0x0000000000400168        0x4 c:/program files/microchip/xc32/v4.60/bin/bin/../../lib/gcc/pic32c/8.3.1/thumb/v7e-m+dp/hard/crti.o
                0x0000000000400168                _init
 .init          0x000000000040016c        0x8 c:/program files/microchip/xc32/v4.60/bin/bin/../../lib/gcc/pic32c/8.3.1/thumb/v7e-m+dp/hard/crtn.o
                0x0000000000400174                . = ALIGN (0x4)
                0x0000000000400174                __preinit_array_start = .
 *(.preinit_array)
                0x0000000000400174                __preinit_array_end = .
                0x0000000000400174                . = ALIGN (0x4)
                0x0000000000400174                __init_array_start = .
 *(SORT_BY_NAME(.init_array.*))
 *(.init_array)
 .init_array    0x0000000000400174        0x4 c:/program files/microchip/xc32/v4.60/bin/bin/../../lib/gcc/pic32c/8.3.1/thumb/v7e-m+dp/hard/crtbegin.o
                0x0000000000400178                __init_array_end = .
                0x0000000000400178                . = ALIGN (0x4)
 *crtbegin.o(.ctors)
 *(EXCLUDE_FILE(*crtend.o) .ctors)
 *(SORT_BY_NAME(.ctors.*))
 *crtend.o(.ctors)
                0x0000000000400178                . = ALIGN (0x4)
 *(.fini)
 .fini          0x0000000000400178        0x4 c:/program files/microchip/xc32/v4.60/bin/bin/../../lib/gcc/pic32c/8.3.1/thumb/v7e-m+dp/hard/crti.o
                0x0000000000400178                _fini
 .fini          0x000000000040017c        0x8 c:/program files/microchip/xc32/v4.60/bin/bin/../../lib/gcc/pic32c/8.3.1/thumb/v7e-m+dp/hard/crtn.o
                0x0000000000400184                . = ALIGN (0x4)
                0x0000000000400184                __fini_array_start = .
 *(.fini_array)
 .fini_array    0x0000000000400184        0x4 c:/program files/microchip/xc32/v4.60/bin/bin/../../lib/gcc/pic32c/8.3.1/thumb/v7e-m+dp/hard/crtbegin.o
 *(SORT_BY_NAME(.fini_array.*))
                0x0000000000400188                __fini_array_end = .
 *crtbegin.o(.dtors)
 *(EXCLUDE_FILE(*crtend.o) .dtors)
 *(SORT_BY_NAME(.dtors.*))
 *crtend.o(.dtors)
                0x0000000000400188                . = ALIGN (0x4)
                0x0000000000400188                _efixed = .
                [!provide]                        PROVIDE (__exidx_start = .)

.ARM.exidx      0x0000000000400188        0x8
 *(.ARM.exidx* .gnu.linkonce.armexidx.*)
 .ARM.exidx     0x0000000000400188        0x8 c:/program files/microchip/xc32/v4.60/bin/bin/../../lib/gcc/pic32c/8.3.1/thumb/v7e-m+dp/hard\libgcc.a(_udivmoddi4.o)
                [!provide]                        PROVIDE (__exidx_end = .)
                0x0000000000400190                . = ALIGN (0x4)
                0x0000000000400190                _etext = .

.bss            0x0000000020400000        0x0
                0x0000000020400000                . = ALIGN (0x4)
                0x0000000020400000                __bss_start__ = .
                0x0000000020400000                _sbss = .
                0x0000000020400000                _szero = .
 *(COMMON)
                0x0000000020400000                . = ALIGN (0x4)
                0x0000000020400000                __bss_end__ = .
                0x0000000020400000                _ebss = .
                0x0000000020400000                _ezero = .
                0x0000000020400000                . = ALIGN (0x4)
                0x0000000020400000                _end = .
                0x000000002045ffff                _ram_end_ = ((ORIGIN (ram) + LENGTH (ram)) - 0x1)
                0x0000000000000200                _min_heap_size = 0x200
START GROUP
LOAD c:/program files/microchip/xc32/v4.60/bin/bin/../../lib/gcc/pic32c/8.3.1/../../../../pic32c/lib/thumb/v7e-m+dp/hard\libpic32c.a
LOAD c:/program files/microchip/xc32/v4.60/bin/bin/../../lib/gcc/pic32c/8.3.1/../../../../pic32c/lib/thumb/v7e-m+dp/hard\libc-size-musl.a
LOAD c:/program files/microchip/xc32/v4.60/bin/bin/../../lib/gcc/pic32c/8.3.1/../../../../pic32c/lib/thumb/v7e-m+dp/hard\liblmalloc-musl.a
LOAD c:/program files/microchip/xc32/v4.60/bin/bin/../../lib/gcc/pic32c/8.3.1/../../../../pic32c/lib/thumb/v7e-m+dp/hard\libm-fast-emfloat.a
LOAD c:/program files/microchip/xc32/v4.60/bin/bin/../../lib/gcc/pic32c/8.3.1/../../../../pic32c/lib/thumb/v7e-m+dp/hard\libm-musl.a
LOAD c:/program files/microchip/xc32/v4.60/bin/bin/../../lib/gcc/pic32c/8.3.1/../../../../pic32c/lib/thumb/v7e-m+dp/hard\libc-musl.a
LOAD c:/program files/microchip/xc32/v4.60/bin/bin/../../lib/gcc/pic32c/8.3.1/../../../../pic32c/lib/thumb/v7e-m+dp/hard\libm-fast-emfloat.a
LOAD c:/program files/microchip/xc32/v4.60/bin/bin/../../lib/gcc/pic32c/8.3.1/../../../../pic32c/lib/thumb/v7e-m+dp/hard\libm-musl.a
LOAD c:/program files/microchip/xc32/v4.60/bin/bin/../../lib/gcc/pic32c/8.3.1/thumb/v7e-m+dp/hard\libgcc.a
END GROUP
LOAD c:/program files/microchip/xc32/v4.60/bin/bin/../../lib/gcc/pic32c/8.3.1/thumb/v7e-m+dp/hard/crtend.o
LOAD c:/program files/microchip/xc32/v4.60/bin/bin/../../lib/gcc/pic32c/8.3.1/thumb/v7e-m+dp/hard/crtn.o
OUTPUT(dist/default/production/USART.production.elf elf32-littlearm)
LOAD data_init
LOAD stack

.ARM.attributes
                0x0000000000000000       0x32
 .ARM.attributes
                0x0000000000000000       0x1e c:/program files/microchip/xc32/v4.60/bin/bin/../../lib/gcc/pic32c/8.3.1/thumb/v7e-m+dp/hard/crti.o
 .ARM.attributes
                0x000000000000001e       0x32 c:/program files/microchip/xc32/v4.60/bin/bin/../../lib/gcc/pic32c/8.3.1/thumb/v7e-m+dp/hard/crtbegin.o
 .ARM.attributes
                0x0000000000000050       0x32 build/default/production/_ext/60165520/plib_clk.o
 .ARM.attributes
                0x0000000000000082       0x32 build/default/production/_ext/60167248/plib_efc.o
 .ARM.attributes
                0x00000000000000b4       0x32 build/default/production/_ext/1865468468/plib_nvic.o
 .ARM.attributes
                0x00000000000000e6       0x32 build/default/production/_ext/60177924/plib_pio.o
 .ARM.attributes
                0x0000000000000118       0x32 build/default/production/_ext/298189674/plib_spi0_master.o
 .ARM.attributes
                0x000000000000014a       0x32 build/default/production/_ext/2001315827/plib_usart1.o
 .ARM.attributes
                0x000000000000017c       0x32 build/default/production/_ext/1171490990/exceptions.o
 .ARM.attributes
                0x00000000000001ae       0x32 build/default/production/_ext/1171490990/startup_xc32.o
 .ARM.attributes
                0x00000000000001e0       0x32 build/default/production/_ext/1171490990/interrupts.o
 .ARM.attributes
                0x0000000000000212       0x32 build/default/production/_ext/1171490990/initialization.o
 .ARM.attributes
                0x0000000000000244       0x32 build/default/production/_ext/1360937237/main.o
 .ARM.attributes
                0x0000000000000276       0x32 build/default/production/_ext/659870106/print_fuction.o
 .ARM.attributes
                0x00000000000002a8       0x32 build/default/production/_ext/659870106/delay.o
 .ARM.attributes
                0x00000000000002da       0x32 build/default/production/_ext/659870106/spi_common.o
 .ARM.attributes
                0x000000000000030c       0x32 c:/program files/microchip/xc32/v4.60/bin/bin/../../lib/gcc/pic32c/8.3.1/../../../../pic32c/lib/thumb/v7e-m+dp/hard\libpic32c.a(data_init.o)
 .ARM.attributes
                0x000000000000033e       0x34 c:/program files/microchip/xc32/v4.60/bin/bin/../../lib/gcc/pic32c/8.3.1/../../../../pic32c/lib/thumb/v7e-m+dp/hard\libc-size-musl.a(memset.o)
 .ARM.attributes
                0x0000000000000372       0x34 c:/program files/microchip/xc32/v4.60/bin/bin/../../lib/gcc/pic32c/8.3.1/../../../../pic32c/lib/thumb/v7e-m+dp/hard\libc-size-musl.a(strlen.o)
 .ARM.attributes
                0x00000000000003a6       0x34 c:/program files/microchip/xc32/v4.60/bin/bin/../../lib/gcc/pic32c/8.3.1/../../../../pic32c/lib/thumb/v7e-m+dp/hard\libc-musl.a(__libc_start_main.o)
 .ARM.attributes
                0x00000000000003da       0x32 c:/program files/microchip/xc32/v4.60/bin/bin/../../lib/gcc/pic32c/8.3.1/../../../../pic32c/lib/thumb/v7e-m+dp/hard\libc-musl.a(libc.o)
 .ARM.attributes
                0x000000000000040c       0x32 c:/program files/microchip/xc32/v4.60/bin/bin/../../lib/gcc/pic32c/8.3.1/../../../../pic32c/lib/thumb/v7e-m+dp/hard\libc-musl.a(__environ.o)
 .ARM.attributes
                0x000000000000043e       0x1e c:/program files/microchip/xc32/v4.60/bin/bin/../../lib/gcc/pic32c/8.3.1/thumb/v7e-m+dp/hard\libgcc.a(_aeabi_uldivmod.o)
 .ARM.attributes
                0x000000000000045c       0x32 c:/program files/microchip/xc32/v4.60/bin/bin/../../lib/gcc/pic32c/8.3.1/thumb/v7e-m+dp/hard\libgcc.a(_udivmoddi4.o)
 .ARM.attributes
                0x000000000000048e       0x1e c:/program files/microchip/xc32/v4.60/bin/bin/../../lib/gcc/pic32c/8.3.1/thumb/v7e-m+dp/hard\libgcc.a(_dvmd_tls.o)
 .ARM.attributes
                0x00000000000004ac       0x1e c:/program files/microchip/xc32/v4.60/bin/bin/../../lib/gcc/pic32c/8.3.1/thumb/v7e-m+dp/hard/crtn.o
 .ARM.attributes
                0x00000000000004ca       0x32 c:/program files/microchip/xc32/v4.60/bin/bin/../../lib/gcc/pic32c/8.3.1/../../../../pic32c/lib/thumb/v7e-m+dp/hard\libpic32c.a(pic32_data_init_clear.o)
 .ARM.attributes
                0x00000000000004fc       0x32 c:/program files/microchip/xc32/v4.60/bin/bin/../../lib/gcc/pic32c/8.3.1/../../../../pic32c/lib/thumb/v7e-m+dp/hard\libpic32c.a(pic32_data_init_copy.o)

.comment        0x0000000000000000       0x2b
 .comment       0x0000000000000000       0x2b c:/program files/microchip/xc32/v4.60/bin/bin/../../lib/gcc/pic32c/8.3.1/thumb/v7e-m+dp/hard/crtbegin.o
                                         0x2c (size before relaxing)
 .comment       0x000000000000002b       0x2c build/default/production/_ext/60165520/plib_clk.o
 .comment       0x000000000000002b       0x2c build/default/production/_ext/60167248/plib_efc.o
 .comment       0x000000000000002b       0x2c build/default/production/_ext/1865468468/plib_nvic.o
 .comment       0x000000000000002b       0x2c build/default/production/_ext/60177924/plib_pio.o
 .comment       0x000000000000002b       0x2c build/default/production/_ext/298189674/plib_spi0_master.o
 .comment       0x000000000000002b       0x2c build/default/production/_ext/2001315827/plib_usart1.o
 .comment       0x000000000000002b       0x2c build/default/production/_ext/1171490990/exceptions.o
 .comment       0x000000000000002b       0x2c build/default/production/_ext/1171490990/startup_xc32.o
 .comment       0x000000000000002b       0x2c build/default/production/_ext/1171490990/interrupts.o
 .comment       0x000000000000002b       0x2c build/default/production/_ext/1171490990/initialization.o
 .comment       0x000000000000002b       0x2c build/default/production/_ext/1360937237/main.o
 .comment       0x000000000000002b       0x2c build/default/production/_ext/659870106/print_fuction.o
 .comment       0x000000000000002b       0x2c build/default/production/_ext/659870106/delay.o
 .comment       0x000000000000002b       0x2c build/default/production/_ext/659870106/spi_common.o
 .comment       0x000000000000002b       0x2c c:/program files/microchip/xc32/v4.60/bin/bin/../../lib/gcc/pic32c/8.3.1/../../../../pic32c/lib/thumb/v7e-m+dp/hard\libpic32c.a(data_init.o)
 .comment       0x000000000000002b       0x2c c:/program files/microchip/xc32/v4.60/bin/bin/../../lib/gcc/pic32c/8.3.1/../../../../pic32c/lib/thumb/v7e-m+dp/hard\libc-size-musl.a(memset.o)
 .comment       0x000000000000002b       0x2c c:/program files/microchip/xc32/v4.60/bin/bin/../../lib/gcc/pic32c/8.3.1/../../../../pic32c/lib/thumb/v7e-m+dp/hard\libc-size-musl.a(strlen.o)
 .comment       0x000000000000002b       0x2c c:/program files/microchip/xc32/v4.60/bin/bin/../../lib/gcc/pic32c/8.3.1/../../../../pic32c/lib/thumb/v7e-m+dp/hard\libc-musl.a(__libc_start_main.o)
 .comment       0x000000000000002b       0x2c c:/program files/microchip/xc32/v4.60/bin/bin/../../lib/gcc/pic32c/8.3.1/../../../../pic32c/lib/thumb/v7e-m+dp/hard\libc-musl.a(libc.o)
 .comment       0x000000000000002b       0x2c c:/program files/microchip/xc32/v4.60/bin/bin/../../lib/gcc/pic32c/8.3.1/../../../../pic32c/lib/thumb/v7e-m+dp/hard\libc-musl.a(__environ.o)
 .comment       0x000000000000002b       0x2c c:/program files/microchip/xc32/v4.60/bin/bin/../../lib/gcc/pic32c/8.3.1/thumb/v7e-m+dp/hard\libgcc.a(_udivmoddi4.o)
 .comment       0x000000000000002b       0x2c c:/program files/microchip/xc32/v4.60/bin/bin/../../lib/gcc/pic32c/8.3.1/../../../../pic32c/lib/thumb/v7e-m+dp/hard\libpic32c.a(pic32_data_init_clear.o)
 .comment       0x000000000000002b       0x2c c:/program files/microchip/xc32/v4.60/bin/bin/../../lib/gcc/pic32c/8.3.1/../../../../pic32c/lib/thumb/v7e-m+dp/hard\libpic32c.a(pic32_data_init_copy.o)

.debug_info     0x0000000000000000     0x6a2e
 .debug_info    0x0000000000000000      0x483 build/default/production/_ext/60165520/plib_clk.o
 .debug_info    0x0000000000000483      0xca2 build/default/production/_ext/60167248/plib_efc.o
 .debug_info    0x0000000000001125      0xcf1 build/default/production/_ext/1865468468/plib_nvic.o
 .debug_info    0x0000000000001e16      0x9ef build/default/production/_ext/60177924/plib_pio.o
 .debug_info    0x0000000000002805      0x74b build/default/production/_ext/298189674/plib_spi0_master.o
 .debug_info    0x0000000000002f50      0xaf2 build/default/production/_ext/2001315827/plib_usart1.o
 .debug_info    0x0000000000003a42      0x116 build/default/production/_ext/1171490990/exceptions.o
 .debug_info    0x0000000000003b58      0x9a8 build/default/production/_ext/1171490990/startup_xc32.o
 .debug_info    0x0000000000004500      0x693 build/default/production/_ext/1171490990/interrupts.o
 .debug_info    0x0000000000004b93      0x1e5 build/default/production/_ext/1171490990/initialization.o
 .debug_info    0x0000000000004d78      0x311 build/default/production/_ext/1360937237/main.o
 .debug_info    0x0000000000005089      0x417 build/default/production/_ext/659870106/print_fuction.o
 .debug_info    0x00000000000054a0      0x4ab build/default/production/_ext/659870106/delay.o
 .debug_info    0x000000000000594b      0x31f build/default/production/_ext/659870106/spi_common.o
 .debug_info    0x0000000000005c6a       0x68 c:/program files/microchip/xc32/v4.60/bin/bin/../../lib/gcc/pic32c/8.3.1/../../../../pic32c/lib/thumb/v7e-m+dp/hard\libpic32c.a(data_init.o)
 .debug_info    0x0000000000005cd2       0xbb c:/program files/microchip/xc32/v4.60/bin/bin/../../lib/gcc/pic32c/8.3.1/../../../../pic32c/lib/thumb/v7e-m+dp/hard\libc-size-musl.a(memset.o)
 .debug_info    0x0000000000005d8d       0xa4 c:/program files/microchip/xc32/v4.60/bin/bin/../../lib/gcc/pic32c/8.3.1/../../../../pic32c/lib/thumb/v7e-m+dp/hard\libc-size-musl.a(strlen.o)
 .debug_info    0x0000000000005e31      0x2fb c:/program files/microchip/xc32/v4.60/bin/bin/../../lib/gcc/pic32c/8.3.1/../../../../pic32c/lib/thumb/v7e-m+dp/hard\libc-musl.a(__libc_start_main.o)
 .debug_info    0x000000000000612c      0x276 c:/program files/microchip/xc32/v4.60/bin/bin/../../lib/gcc/pic32c/8.3.1/../../../../pic32c/lib/thumb/v7e-m+dp/hard\libc-musl.a(libc.o)
 .debug_info    0x00000000000063a2       0x97 c:/program files/microchip/xc32/v4.60/bin/bin/../../lib/gcc/pic32c/8.3.1/../../../../pic32c/lib/thumb/v7e-m+dp/hard\libc-musl.a(__environ.o)
 .debug_info    0x0000000000006439       0x26 c:/program files/microchip/xc32/v4.60/bin/bin/../../lib/gcc/pic32c/8.3.1/thumb/v7e-m+dp/hard\libgcc.a(_aeabi_uldivmod.o)
 .debug_info    0x000000000000645f      0x52a c:/program files/microchip/xc32/v4.60/bin/bin/../../lib/gcc/pic32c/8.3.1/thumb/v7e-m+dp/hard\libgcc.a(_udivmoddi4.o)
 .debug_info    0x0000000000006989       0x26 c:/program files/microchip/xc32/v4.60/bin/bin/../../lib/gcc/pic32c/8.3.1/thumb/v7e-m+dp/hard\libgcc.a(_dvmd_tls.o)
 .debug_info    0x00000000000069af       0x3f c:/program files/microchip/xc32/v4.60/bin/bin/../../lib/gcc/pic32c/8.3.1/../../../../pic32c/lib/thumb/v7e-m+dp/hard\libpic32c.a(pic32_data_init_clear.o)
 .debug_info    0x00000000000069ee       0x40 c:/program files/microchip/xc32/v4.60/bin/bin/../../lib/gcc/pic32c/8.3.1/../../../../pic32c/lib/thumb/v7e-m+dp/hard\libpic32c.a(pic32_data_init_copy.o)

.debug_abbrev   0x0000000000000000     0x1b0e
 .debug_abbrev  0x0000000000000000       0xcd build/default/production/_ext/60165520/plib_clk.o
 .debug_abbrev  0x00000000000000cd      0x292 build/default/production/_ext/60167248/plib_efc.o
 .debug_abbrev  0x000000000000035f      0x25d build/default/production/_ext/1865468468/plib_nvic.o
 .debug_abbrev  0x00000000000005bc      0x153 build/default/production/_ext/60177924/plib_pio.o
 .debug_abbrev  0x000000000000070f      0x247 build/default/production/_ext/298189674/plib_spi0_master.o
 .debug_abbrev  0x0000000000000956      0x283 build/default/production/_ext/2001315827/plib_usart1.o
 .debug_abbrev  0x0000000000000bd9       0x49 build/default/production/_ext/1171490990/exceptions.o
 .debug_abbrev  0x0000000000000c22      0x218 build/default/production/_ext/1171490990/startup_xc32.o
 .debug_abbrev  0x0000000000000e3a       0xc0 build/default/production/_ext/1171490990/interrupts.o
 .debug_abbrev  0x0000000000000efa       0xce build/default/production/_ext/1171490990/initialization.o
 .debug_abbrev  0x0000000000000fc8      0x158 build/default/production/_ext/1360937237/main.o
 .debug_abbrev  0x0000000000001120      0x165 build/default/production/_ext/659870106/print_fuction.o
 .debug_abbrev  0x0000000000001285      0x1e6 build/default/production/_ext/659870106/delay.o
 .debug_abbrev  0x000000000000146b      0x11d build/default/production/_ext/659870106/spi_common.o
 .debug_abbrev  0x0000000000001588       0x44 c:/program files/microchip/xc32/v4.60/bin/bin/../../lib/gcc/pic32c/8.3.1/../../../../pic32c/lib/thumb/v7e-m+dp/hard\libpic32c.a(data_init.o)
 .debug_abbrev  0x00000000000015cc       0xa2 c:/program files/microchip/xc32/v4.60/bin/bin/../../lib/gcc/pic32c/8.3.1/../../../../pic32c/lib/thumb/v7e-m+dp/hard\libc-size-musl.a(memset.o)
 .debug_abbrev  0x000000000000166e       0x91 c:/program files/microchip/xc32/v4.60/bin/bin/../../lib/gcc/pic32c/8.3.1/../../../../pic32c/lib/thumb/v7e-m+dp/hard\libc-size-musl.a(strlen.o)
 .debug_abbrev  0x00000000000016ff      0x133 c:/program files/microchip/xc32/v4.60/bin/bin/../../lib/gcc/pic32c/8.3.1/../../../../pic32c/lib/thumb/v7e-m+dp/hard\libc-musl.a(__libc_start_main.o)
 .debug_abbrev  0x0000000000001832       0xd4 c:/program files/microchip/xc32/v4.60/bin/bin/../../lib/gcc/pic32c/8.3.1/../../../../pic32c/lib/thumb/v7e-m+dp/hard\libc-musl.a(libc.o)
 .debug_abbrev  0x0000000000001906       0x62 c:/program files/microchip/xc32/v4.60/bin/bin/../../lib/gcc/pic32c/8.3.1/../../../../pic32c/lib/thumb/v7e-m+dp/hard\libc-musl.a(__environ.o)
 .debug_abbrev  0x0000000000001968       0x14 c:/program files/microchip/xc32/v4.60/bin/bin/../../lib/gcc/pic32c/8.3.1/thumb/v7e-m+dp/hard\libgcc.a(_aeabi_uldivmod.o)
 .debug_abbrev  0x000000000000197c      0x122 c:/program files/microchip/xc32/v4.60/bin/bin/../../lib/gcc/pic32c/8.3.1/thumb/v7e-m+dp/hard\libgcc.a(_udivmoddi4.o)
 .debug_abbrev  0x0000000000001a9e       0x14 c:/program files/microchip/xc32/v4.60/bin/bin/../../lib/gcc/pic32c/8.3.1/thumb/v7e-m+dp/hard\libgcc.a(_dvmd_tls.o)
 .debug_abbrev  0x0000000000001ab2       0x2e c:/program files/microchip/xc32/v4.60/bin/bin/../../lib/gcc/pic32c/8.3.1/../../../../pic32c/lib/thumb/v7e-m+dp/hard\libpic32c.a(pic32_data_init_clear.o)
 .debug_abbrev  0x0000000000001ae0       0x2e c:/program files/microchip/xc32/v4.60/bin/bin/../../lib/gcc/pic32c/8.3.1/../../../../pic32c/lib/thumb/v7e-m+dp/hard\libpic32c.a(pic32_data_init_copy.o)

.debug_aranges  0x0000000000000000      0x518
 .debug_aranges
                0x0000000000000000       0x20 build/default/production/_ext/60165520/plib_clk.o
 .debug_aranges
                0x0000000000000020       0x70 build/default/production/_ext/60167248/plib_efc.o
 .debug_aranges
                0x0000000000000090       0x48 build/default/production/_ext/1865468468/plib_nvic.o
 .debug_aranges
                0x00000000000000d8       0x60 build/default/production/_ext/60177924/plib_pio.o
 .debug_aranges
                0x0000000000000138       0x60 build/default/production/_ext/298189674/plib_spi0_master.o
 .debug_aranges
                0x0000000000000198       0xa0 build/default/production/_ext/2001315827/plib_usart1.o
 .debug_aranges
                0x0000000000000238       0x48 build/default/production/_ext/1171490990/exceptions.o
 .debug_aranges
                0x0000000000000280       0x28 build/default/production/_ext/1171490990/startup_xc32.o
 .debug_aranges
                0x00000000000002a8       0x20 build/default/production/_ext/1171490990/interrupts.o
 .debug_aranges
                0x00000000000002c8       0x20 build/default/production/_ext/1171490990/initialization.o
 .debug_aranges
                0x00000000000002e8       0x20 build/default/production/_ext/1360937237/main.o
 .debug_aranges
                0x0000000000000308       0x38 build/default/production/_ext/659870106/print_fuction.o
 .debug_aranges
                0x0000000000000340       0x40 build/default/production/_ext/659870106/delay.o
 .debug_aranges
                0x0000000000000380       0x30 build/default/production/_ext/659870106/spi_common.o
 .debug_aranges
                0x00000000000003b0       0x30 c:/program files/microchip/xc32/v4.60/bin/bin/../../lib/gcc/pic32c/8.3.1/../../../../pic32c/lib/thumb/v7e-m+dp/hard\libpic32c.a(data_init.o)
 .debug_aranges
                0x00000000000003e0       0x20 c:/program files/microchip/xc32/v4.60/bin/bin/../../lib/gcc/pic32c/8.3.1/../../../../pic32c/lib/thumb/v7e-m+dp/hard\libc-size-musl.a(memset.o)
 .debug_aranges
                0x0000000000000400       0x20 c:/program files/microchip/xc32/v4.60/bin/bin/../../lib/gcc/pic32c/8.3.1/../../../../pic32c/lib/thumb/v7e-m+dp/hard\libc-size-musl.a(strlen.o)
 .debug_aranges
                0x0000000000000420       0x28 c:/program files/microchip/xc32/v4.60/bin/bin/../../lib/gcc/pic32c/8.3.1/../../../../pic32c/lib/thumb/v7e-m+dp/hard\libc-musl.a(__libc_start_main.o)
 .debug_aranges
                0x0000000000000448       0x18 c:/program files/microchip/xc32/v4.60/bin/bin/../../lib/gcc/pic32c/8.3.1/../../../../pic32c/lib/thumb/v7e-m+dp/hard\libc-musl.a(libc.o)
 .debug_aranges
                0x0000000000000460       0x18 c:/program files/microchip/xc32/v4.60/bin/bin/../../lib/gcc/pic32c/8.3.1/../../../../pic32c/lib/thumb/v7e-m+dp/hard\libc-musl.a(__environ.o)
 .debug_aranges
                0x0000000000000478       0x20 c:/program files/microchip/xc32/v4.60/bin/bin/../../lib/gcc/pic32c/8.3.1/thumb/v7e-m+dp/hard\libgcc.a(_aeabi_uldivmod.o)
 .debug_aranges
                0x0000000000000498       0x20 c:/program files/microchip/xc32/v4.60/bin/bin/../../lib/gcc/pic32c/8.3.1/thumb/v7e-m+dp/hard\libgcc.a(_udivmoddi4.o)
 .debug_aranges
                0x00000000000004b8       0x20 c:/program files/microchip/xc32/v4.60/bin/bin/../../lib/gcc/pic32c/8.3.1/thumb/v7e-m+dp/hard\libgcc.a(_dvmd_tls.o)
 .debug_aranges
                0x00000000000004d8       0x20 c:/program files/microchip/xc32/v4.60/bin/bin/../../lib/gcc/pic32c/8.3.1/../../../../pic32c/lib/thumb/v7e-m+dp/hard\libpic32c.a(pic32_data_init_clear.o)
 .debug_aranges
                0x00000000000004f8       0x20 c:/program files/microchip/xc32/v4.60/bin/bin/../../lib/gcc/pic32c/8.3.1/../../../../pic32c/lib/thumb/v7e-m+dp/hard\libpic32c.a(pic32_data_init_copy.o)

.debug_ranges   0x0000000000000000      0x528
 .debug_ranges  0x0000000000000000       0x10 build/default/production/_ext/60165520/plib_clk.o
 .debug_ranges  0x0000000000000010       0xf0 build/default/production/_ext/60167248/plib_efc.o
 .debug_ranges  0x0000000000000100       0x50 build/default/production/_ext/1865468468/plib_nvic.o
 .debug_ranges  0x0000000000000150       0x50 build/default/production/_ext/60177924/plib_pio.o
 .debug_ranges  0x00000000000001a0       0x80 build/default/production/_ext/298189674/plib_spi0_master.o
 .debug_ranges  0x0000000000000220       0x90 build/default/production/_ext/2001315827/plib_usart1.o
 .debug_ranges  0x00000000000002b0       0x38 build/default/production/_ext/1171490990/exceptions.o
 .debug_ranges  0x00000000000002e8       0x18 build/default/production/_ext/1171490990/startup_xc32.o
 .debug_ranges  0x0000000000000300       0x10 build/default/production/_ext/1171490990/interrupts.o
 .debug_ranges  0x0000000000000310       0x10 build/default/production/_ext/1171490990/initialization.o
 .debug_ranges  0x0000000000000320       0x10 build/default/production/_ext/1360937237/main.o
 .debug_ranges  0x0000000000000330       0x40 build/default/production/_ext/659870106/print_fuction.o
 .debug_ranges  0x0000000000000370       0x48 build/default/production/_ext/659870106/delay.o
 .debug_ranges  0x00000000000003b8       0x20 build/default/production/_ext/659870106/spi_common.o
 .debug_ranges  0x00000000000003d8       0x20 c:/program files/microchip/xc32/v4.60/bin/bin/../../lib/gcc/pic32c/8.3.1/../../../../pic32c/lib/thumb/v7e-m+dp/hard\libpic32c.a(data_init.o)
 .debug_ranges  0x00000000000003f8       0x10 c:/program files/microchip/xc32/v4.60/bin/bin/../../lib/gcc/pic32c/8.3.1/../../../../pic32c/lib/thumb/v7e-m+dp/hard\libc-size-musl.a(memset.o)
 .debug_ranges  0x0000000000000408       0x10 c:/program files/microchip/xc32/v4.60/bin/bin/../../lib/gcc/pic32c/8.3.1/../../../../pic32c/lib/thumb/v7e-m+dp/hard\libc-size-musl.a(strlen.o)
 .debug_ranges  0x0000000000000418       0x40 c:/program files/microchip/xc32/v4.60/bin/bin/../../lib/gcc/pic32c/8.3.1/../../../../pic32c/lib/thumb/v7e-m+dp/hard\libc-musl.a(__libc_start_main.o)
 .debug_ranges  0x0000000000000458       0xb0 c:/program files/microchip/xc32/v4.60/bin/bin/../../lib/gcc/pic32c/8.3.1/thumb/v7e-m+dp/hard\libgcc.a(_udivmoddi4.o)
 .debug_ranges  0x0000000000000508       0x10 c:/program files/microchip/xc32/v4.60/bin/bin/../../lib/gcc/pic32c/8.3.1/../../../../pic32c/lib/thumb/v7e-m+dp/hard\libpic32c.a(pic32_data_init_clear.o)
 .debug_ranges  0x0000000000000518       0x10 c:/program files/microchip/xc32/v4.60/bin/bin/../../lib/gcc/pic32c/8.3.1/../../../../pic32c/lib/thumb/v7e-m+dp/hard\libpic32c.a(pic32_data_init_copy.o)

.debug_line     0x0000000000000000     0x3840
 .debug_line    0x0000000000000000      0x17b build/default/production/_ext/60165520/plib_clk.o
 .debug_line    0x000000000000017b      0x63f build/default/production/_ext/60167248/plib_efc.o
 .debug_line    0x00000000000007ba      0x3fe build/default/production/_ext/1865468468/plib_nvic.o
 .debug_line    0x0000000000000bb8      0x393 build/default/production/_ext/60177924/plib_pio.o
 .debug_line    0x0000000000000f4b      0x633 build/default/production/_ext/298189674/plib_spi0_master.o
 .debug_line    0x000000000000157e      0x73b build/default/production/_ext/2001315827/plib_usart1.o
 .debug_line    0x0000000000001cb9       0xc7 build/default/production/_ext/1171490990/exceptions.o
 .debug_line    0x0000000000001d80      0x451 build/default/production/_ext/1171490990/startup_xc32.o
 .debug_line    0x00000000000021d1       0xba build/default/production/_ext/1171490990/interrupts.o
 .debug_line    0x000000000000228b      0x251 build/default/production/_ext/1171490990/initialization.o
 .debug_line    0x00000000000024dc      0x16f build/default/production/_ext/1360937237/main.o
 .debug_line    0x000000000000264b      0x2b9 build/default/production/_ext/659870106/print_fuction.o
 .debug_line    0x0000000000002904      0x210 build/default/production/_ext/659870106/delay.o
 .debug_line    0x0000000000002b14      0x1d7 build/default/production/_ext/659870106/spi_common.o
 .debug_line    0x0000000000002ceb       0xa7 c:/program files/microchip/xc32/v4.60/bin/bin/../../lib/gcc/pic32c/8.3.1/../../../../pic32c/lib/thumb/v7e-m+dp/hard\libpic32c.a(data_init.o)
 .debug_line    0x0000000000002d92       0xe3 c:/program files/microchip/xc32/v4.60/bin/bin/../../lib/gcc/pic32c/8.3.1/../../../../pic32c/lib/thumb/v7e-m+dp/hard\libc-size-musl.a(memset.o)
 .debug_line    0x0000000000002e75       0xe6 c:/program files/microchip/xc32/v4.60/bin/bin/../../lib/gcc/pic32c/8.3.1/../../../../pic32c/lib/thumb/v7e-m+dp/hard\libc-size-musl.a(strlen.o)
 .debug_line    0x0000000000002f5b      0x1c7 c:/program files/microchip/xc32/v4.60/bin/bin/../../lib/gcc/pic32c/8.3.1/../../../../pic32c/lib/thumb/v7e-m+dp/hard\libc-musl.a(__libc_start_main.o)
 .debug_line    0x0000000000003122       0xb5 c:/program files/microchip/xc32/v4.60/bin/bin/../../lib/gcc/pic32c/8.3.1/../../../../pic32c/lib/thumb/v7e-m+dp/hard\libc-musl.a(libc.o)
 .debug_line    0x00000000000031d7       0xfb c:/program files/microchip/xc32/v4.60/bin/bin/../../lib/gcc/pic32c/8.3.1/../../../../pic32c/lib/thumb/v7e-m+dp/hard\libc-musl.a(__environ.o)
 .debug_line    0x00000000000032d2       0x91 c:/program files/microchip/xc32/v4.60/bin/bin/../../lib/gcc/pic32c/8.3.1/thumb/v7e-m+dp/hard\libgcc.a(_aeabi_uldivmod.o)
 .debug_line    0x0000000000003363      0x360 c:/program files/microchip/xc32/v4.60/bin/bin/../../lib/gcc/pic32c/8.3.1/thumb/v7e-m+dp/hard\libgcc.a(_udivmoddi4.o)
 .debug_line    0x00000000000036c3       0x91 c:/program files/microchip/xc32/v4.60/bin/bin/../../lib/gcc/pic32c/8.3.1/thumb/v7e-m+dp/hard\libgcc.a(_dvmd_tls.o)
 .debug_line    0x0000000000003754       0x72 c:/program files/microchip/xc32/v4.60/bin/bin/../../lib/gcc/pic32c/8.3.1/../../../../pic32c/lib/thumb/v7e-m+dp/hard\libpic32c.a(pic32_data_init_clear.o)
 .debug_line    0x00000000000037c6       0x7a c:/program files/microchip/xc32/v4.60/bin/bin/../../lib/gcc/pic32c/8.3.1/../../../../pic32c/lib/thumb/v7e-m+dp/hard\libpic32c.a(pic32_data_init_copy.o)

.debug_str      0x0000000000000000     0x64d4
 .debug_str     0x0000000000000000      0x4c8 build/default/production/_ext/60165520/plib_clk.o
 .debug_str     0x00000000000004c8      0x5cc build/default/production/_ext/60167248/plib_efc.o
 .debug_str     0x0000000000000a94      0x98d build/default/production/_ext/1865468468/plib_nvic.o
 .debug_str     0x0000000000001421      0x6b7 build/default/production/_ext/60177924/plib_pio.o
 .debug_str     0x0000000000001ad8      0x6cf build/default/production/_ext/298189674/plib_spi0_master.o
 .debug_str     0x00000000000021a7      0x83a build/default/production/_ext/2001315827/plib_usart1.o
 .debug_str     0x00000000000029e1      0x319 build/default/production/_ext/1171490990/exceptions.o
 .debug_str     0x0000000000002cfa      0x589 build/default/production/_ext/1171490990/startup_xc32.o
 .debug_str     0x0000000000003283      0x90b build/default/production/_ext/1171490990/interrupts.o
 .debug_str     0x0000000000003b8e      0x372 build/default/production/_ext/1171490990/initialization.o
 .debug_str     0x0000000000003f00      0x361 build/default/production/_ext/1360937237/main.o
 .debug_str     0x0000000000004261      0x331 build/default/production/_ext/659870106/print_fuction.o
 .debug_str     0x0000000000004592      0x41a build/default/production/_ext/659870106/delay.o
 .debug_str     0x00000000000049ac      0x325 build/default/production/_ext/659870106/spi_common.o
 .debug_str     0x0000000000004cd1      0x20c c:/program files/microchip/xc32/v4.60/bin/bin/../../lib/gcc/pic32c/8.3.1/../../../../pic32c/lib/thumb/v7e-m+dp/hard\libpic32c.a(data_init.o)
 .debug_str     0x0000000000004edd      0x221 c:/program files/microchip/xc32/v4.60/bin/bin/../../lib/gcc/pic32c/8.3.1/../../../../pic32c/lib/thumb/v7e-m+dp/hard\libc-size-musl.a(memset.o)
 .debug_str     0x00000000000050fe      0x227 c:/program files/microchip/xc32/v4.60/bin/bin/../../lib/gcc/pic32c/8.3.1/../../../../pic32c/lib/thumb/v7e-m+dp/hard\libc-size-musl.a(strlen.o)
 .debug_str     0x0000000000005325      0x3da c:/program files/microchip/xc32/v4.60/bin/bin/../../lib/gcc/pic32c/8.3.1/../../../../pic32c/lib/thumb/v7e-m+dp/hard\libc-musl.a(__libc_start_main.o)
 .debug_str     0x00000000000056ff      0x345 c:/program files/microchip/xc32/v4.60/bin/bin/../../lib/gcc/pic32c/8.3.1/../../../../pic32c/lib/thumb/v7e-m+dp/hard\libc-musl.a(libc.o)
 .debug_str     0x0000000000005a44      0x245 c:/program files/microchip/xc32/v4.60/bin/bin/../../lib/gcc/pic32c/8.3.1/../../../../pic32c/lib/thumb/v7e-m+dp/hard\libc-musl.a(__environ.o)
 .debug_str     0x0000000000005c89       0xd6 c:/program files/microchip/xc32/v4.60/bin/bin/../../lib/gcc/pic32c/8.3.1/thumb/v7e-m+dp/hard\libgcc.a(_aeabi_uldivmod.o)
 .debug_str     0x0000000000005d5f      0x2d3 c:/program files/microchip/xc32/v4.60/bin/bin/../../lib/gcc/pic32c/8.3.1/thumb/v7e-m+dp/hard\libgcc.a(_udivmoddi4.o)
 .debug_str     0x0000000000006032       0xda c:/program files/microchip/xc32/v4.60/bin/bin/../../lib/gcc/pic32c/8.3.1/thumb/v7e-m+dp/hard\libgcc.a(_dvmd_tls.o)
 .debug_str     0x000000000000610c      0x1e5 c:/program files/microchip/xc32/v4.60/bin/bin/../../lib/gcc/pic32c/8.3.1/../../../../pic32c/lib/thumb/v7e-m+dp/hard\libpic32c.a(pic32_data_init_clear.o)
 .debug_str     0x00000000000062f1      0x1e3 c:/program files/microchip/xc32/v4.60/bin/bin/../../lib/gcc/pic32c/8.3.1/../../../../pic32c/lib/thumb/v7e-m+dp/hard\libpic32c.a(pic32_data_init_copy.o)

.debug_frame    0x0000000000000000      0x8c0
 .debug_frame   0x0000000000000000       0x20 build/default/production/_ext/60165520/plib_clk.o
 .debug_frame   0x0000000000000020       0xf8 build/default/production/_ext/60167248/plib_efc.o
 .debug_frame   0x0000000000000118       0x7c build/default/production/_ext/1865468468/plib_nvic.o
 .debug_frame   0x0000000000000194       0xa0 build/default/production/_ext/60177924/plib_pio.o
 .debug_frame   0x0000000000000234       0xe4 build/default/production/_ext/298189674/plib_spi0_master.o
 .debug_frame   0x0000000000000318      0x18c build/default/production/_ext/2001315827/plib_usart1.o
 .debug_frame   0x00000000000004a4       0x70 build/default/production/_ext/1171490990/exceptions.o
 .debug_frame   0x0000000000000514       0x38 build/default/production/_ext/1171490990/startup_xc32.o
 .debug_frame   0x000000000000054c       0x20 build/default/production/_ext/1171490990/interrupts.o
 .debug_frame   0x000000000000056c       0x28 build/default/production/_ext/1171490990/initialization.o
 .debug_frame   0x0000000000000594       0x2c build/default/production/_ext/1360937237/main.o
 .debug_frame   0x00000000000005c0       0x90 build/default/production/_ext/659870106/print_fuction.o
 .debug_frame   0x0000000000000650       0x94 build/default/production/_ext/659870106/delay.o
 .debug_frame   0x00000000000006e4       0x68 build/default/production/_ext/659870106/spi_common.o
 .debug_frame   0x000000000000074c       0x4c c:/program files/microchip/xc32/v4.60/bin/bin/../../lib/gcc/pic32c/8.3.1/../../../../pic32c/lib/thumb/v7e-m+dp/hard\libpic32c.a(data_init.o)
 .debug_frame   0x0000000000000798       0x20 c:/program files/microchip/xc32/v4.60/bin/bin/../../lib/gcc/pic32c/8.3.1/../../../../pic32c/lib/thumb/v7e-m+dp/hard\libc-size-musl.a(memset.o)
 .debug_frame   0x00000000000007b8       0x20 c:/program files/microchip/xc32/v4.60/bin/bin/../../lib/gcc/pic32c/8.3.1/../../../../pic32c/lib/thumb/v7e-m+dp/hard\libc-size-musl.a(strlen.o)
 .debug_frame   0x00000000000007d8       0x3c c:/program files/microchip/xc32/v4.60/bin/bin/../../lib/gcc/pic32c/8.3.1/../../../../pic32c/lib/thumb/v7e-m+dp/hard\libc-musl.a(__libc_start_main.o)
 .debug_frame   0x0000000000000814       0x2c c:/program files/microchip/xc32/v4.60/bin/bin/../../lib/gcc/pic32c/8.3.1/thumb/v7e-m+dp/hard\libgcc.a(_aeabi_uldivmod.o)
 .debug_frame   0x0000000000000840       0x38 c:/program files/microchip/xc32/v4.60/bin/bin/../../lib/gcc/pic32c/8.3.1/thumb/v7e-m+dp/hard\libgcc.a(_udivmoddi4.o)
 .debug_frame   0x0000000000000878       0x20 c:/program files/microchip/xc32/v4.60/bin/bin/../../lib/gcc/pic32c/8.3.1/../../../../pic32c/lib/thumb/v7e-m+dp/hard\libpic32c.a(pic32_data_init_clear.o)
 .debug_frame   0x0000000000000898       0x28 c:/program files/microchip/xc32/v4.60/bin/bin/../../lib/gcc/pic32c/8.3.1/../../../../pic32c/lib/thumb/v7e-m+dp/hard\libpic32c.a(pic32_data_init_copy.o)

.debug_loc      0x0000000000000000     0x30bc
 .debug_loc     0x0000000000000000      0x6dd build/default/production/_ext/60167248/plib_efc.o
 .debug_loc     0x00000000000006dd      0x1df build/default/production/_ext/1865468468/plib_nvic.o
 .debug_loc     0x00000000000008bc       0x94 build/default/production/_ext/60177924/plib_pio.o
 .debug_loc     0x0000000000000950      0x5f1 build/default/production/_ext/298189674/plib_spi0_master.o
 .debug_loc     0x0000000000000f41      0x87d build/default/production/_ext/2001315827/plib_usart1.o
 .debug_loc     0x00000000000017be       0xa7 build/default/production/_ext/1171490990/startup_xc32.o
 .debug_loc     0x0000000000001865       0x45 build/default/production/_ext/1171490990/initialization.o
 .debug_loc     0x00000000000018aa       0x2c build/default/production/_ext/1360937237/main.o
 .debug_loc     0x00000000000018d6      0x3a9 build/default/production/_ext/659870106/print_fuction.o
 .debug_loc     0x0000000000001c7f      0x197 build/default/production/_ext/659870106/delay.o
 .debug_loc     0x0000000000001e16      0x2b7 build/default/production/_ext/659870106/spi_common.o
 .debug_loc     0x00000000000020cd       0x14 c:/program files/microchip/xc32/v4.60/bin/bin/../../lib/gcc/pic32c/8.3.1/../../../../pic32c/lib/thumb/v7e-m+dp/hard\libpic32c.a(data_init.o)
 .debug_loc     0x00000000000020e1       0x7d c:/program files/microchip/xc32/v4.60/bin/bin/../../lib/gcc/pic32c/8.3.1/../../../../pic32c/lib/thumb/v7e-m+dp/hard\libc-size-musl.a(memset.o)
 .debug_loc     0x000000000000215e       0x90 c:/program files/microchip/xc32/v4.60/bin/bin/../../lib/gcc/pic32c/8.3.1/../../../../pic32c/lib/thumb/v7e-m+dp/hard\libc-size-musl.a(strlen.o)
 .debug_loc     0x00000000000021ee       0x51 c:/program files/microchip/xc32/v4.60/bin/bin/../../lib/gcc/pic32c/8.3.1/../../../../pic32c/lib/thumb/v7e-m+dp/hard\libc-musl.a(__libc_start_main.o)
 .debug_loc     0x000000000000223f      0xe69 c:/program files/microchip/xc32/v4.60/bin/bin/../../lib/gcc/pic32c/8.3.1/thumb/v7e-m+dp/hard\libgcc.a(_udivmoddi4.o)
 .debug_loc     0x00000000000030a8       0x14 c:/program files/microchip/xc32/v4.60/bin/bin/../../lib/gcc/pic32c/8.3.1/../../../../pic32c/lib/thumb/v7e-m+dp/hard\libpic32c.a(pic32_data_init_copy.o)

.note.GNU-stack
                0x0000000000000000        0x0
 .note.GNU-stack
                0x0000000000000000        0x0 c:/program files/microchip/xc32/v4.60/bin/bin/../../lib/gcc/pic32c/8.3.1/../../../../pic32c/lib/thumb/v7e-m+dp/hard\libc-size-musl.a(memset.o)
 .note.GNU-stack
                0x0000000000000000        0x0 c:/program files/microchip/xc32/v4.60/bin/bin/../../lib/gcc/pic32c/8.3.1/../../../../pic32c/lib/thumb/v7e-m+dp/hard\libc-size-musl.a(strlen.o)
 .note.GNU-stack
                0x0000000000000000        0x0 c:/program files/microchip/xc32/v4.60/bin/bin/../../lib/gcc/pic32c/8.3.1/../../../../pic32c/lib/thumb/v7e-m+dp/hard\libc-musl.a(__libc_start_main.o)
 .note.GNU-stack
                0x0000000000000000        0x0 c:/program files/microchip/xc32/v4.60/bin/bin/../../lib/gcc/pic32c/8.3.1/../../../../pic32c/lib/thumb/v7e-m+dp/hard\libc-musl.a(libc.o)
 .note.GNU-stack
                0x0000000000000000        0x0 c:/program files/microchip/xc32/v4.60/bin/bin/../../lib/gcc/pic32c/8.3.1/../../../../pic32c/lib/thumb/v7e-m+dp/hard\libc-musl.a(__environ.o)

.stack          0x0000000020400300      0x100
 .stack         0x0000000020400300      0x100 stack

.bss%1          0x0000000020400000       0x50
 .bss           0x0000000020400000       0x50 c:/program files/microchip/xc32/v4.60/bin/bin/../../lib/gcc/pic32c/8.3.1/../../../../pic32c/lib/thumb/v7e-m+dp/hard\libc-musl.a(libc.o)
                0x0000000020400000                __progname_full
                0x0000000020400000                program_invocation_name
                0x0000000020400004                program_invocation_short_name
                0x0000000020400004                __progname
                0x0000000020400008                __sysinfo
                0x000000002040000c                __hwcap
                0x0000000020400010                __libc

.bss.usart1Obj%2
                0x0000000020400050       0x34
 .bss.usart1Obj
                0x0000000020400050       0x34 build/default/production/_ext/2001315827/plib_usart1.o

.bss.spi0Obj%3  0x0000000020400084       0x2c
 .bss.spi0Obj   0x0000000020400084       0x2c build/default/production/_ext/298189674/plib_spi0_master.o

.bss%4          0x00000000204000b0       0x1c
 .bss           0x00000000204000b0       0x1c c:/program files/microchip/xc32/v4.60/bin/bin/../../lib/gcc/pic32c/8.3.1/thumb/v7e-m+dp/hard/crtbegin.o

.bss.cmd.7880%5
                0x00000000204000cc        0x4
 .bss.cmd.7880  0x00000000204000cc        0x4 build/default/production/_ext/1171490990/startup_xc32.o

.bss%6          0x00000000204000d0        0x4
 .bss           0x00000000204000d0        0x4 c:/program files/microchip/xc32/v4.60/bin/bin/../../lib/gcc/pic32c/8.3.1/../../../../pic32c/lib/thumb/v7e-m+dp/hard\libpic32c.a(data_init.o)

.bss%7          0x00000000204000d4        0x4
 .bss           0x00000000204000d4        0x4 c:/program files/microchip/xc32/v4.60/bin/bin/../../lib/gcc/pic32c/8.3.1/../../../../pic32c/lib/thumb/v7e-m+dp/hard\libc-musl.a(__environ.o)
                0x00000000204000d4                __environ
                0x00000000204000d4                environ
                0x00000000204000d4                ___environ
                0x00000000204000d4                _environ

.bss.isLastByteTransferInProgress.7959%8
                0x00000000204000d8        0x1
 .bss.isLastByteTransferInProgress.7959
                0x00000000204000d8        0x1 build/default/production/_ext/298189674/plib_spi0_master.o

.bss.s_dwt_ok%9
                0x00000000204000d9        0x1
 .bss.s_dwt_ok  0x00000000204000d9        0x1 build/default/production/_ext/659870106/delay.o

.data.s_cpu_hz%10
                0x00000000204000dc        0x4
 .data.s_cpu_hz
                0x00000000204000dc        0x4 build/default/production/_ext/659870106/delay.o

.eh_frame%z1    0x0000000000000000        0x0
 .eh_frame      0x0000000000000000        0x0 c:/program files/microchip/xc32/v4.60/bin/bin/../../lib/gcc/pic32c/8.3.1/thumb/v7e-m+dp/hard/crtbegin.o

.config_D0000000.__config_D0000000%11
                0x00000000d0000000        0x4
 .config_D0000000.__config_D0000000
                0x00000000d0000000        0x4 build/default/production/_ext/1171490990/initialization.o
                0x00000000d0000000                __config_D0000000

.text%12        0x0000000000400190      0x2bc
 .text          0x0000000000400190      0x2bc c:/program files/microchip/xc32/v4.60/bin/bin/../../lib/gcc/pic32c/8.3.1/thumb/v7e-m+dp/hard\libgcc.a(_udivmoddi4.o)
                0x0000000000400190                __udivmoddi4

.text.Reset_Handler%13
                0x000000000040044c      0x178
 .text.Reset_Handler
                0x000000000040044c      0x178 build/default/production/_ext/1171490990/startup_xc32.o
                0x000000000040044c                Reset_Handler

.text.SPI0_InterruptHandler%14
                0x00000000004005c4      0x140
 .text.SPI0_InterruptHandler
                0x00000000004005c4      0x140 build/default/production/_ext/298189674/plib_spi0_master.o
                0x00000000004005c4                SPI0_InterruptHandler

.text.SPI0_WriteRead%15
                0x0000000000400704      0x124
 .text.SPI0_WriteRead
                0x0000000000400704      0x124 build/default/production/_ext/298189674/plib_spi0_master.o
                0x0000000000400704                SPI0_WriteRead

.text.PIO_Initialize%16
                0x0000000000400828       0xd0
 .text.PIO_Initialize
                0x0000000000400828       0xd0 build/default/production/_ext/60177924/plib_pio.o
                0x0000000000400828                PIO_Initialize

.dinit%17       0x00000000004008f8       0x90
 .dinit         0x00000000004008f8       0x90 data_init

.text.main%18   0x0000000000400988       0x80
 .text.main     0x0000000000400988       0x80 build/default/production/_ext/1360937237/main.o
                0x0000000000400988                main

.text.USART1_Write%19
                0x0000000000400a08       0x78
 .text.USART1_Write
                0x0000000000400a08       0x78 build/default/production/_ext/2001315827/plib_usart1.o
                0x0000000000400a08                USART1_Write

.text.USART1_ISR_TX_Handler%20
                0x0000000000400a80       0x74
 .text.USART1_ISR_TX_Handler
                0x0000000000400a80       0x74 build/default/production/_ext/2001315827/plib_usart1.o

.text.CLOCK_Initialize%21
                0x0000000000400af4       0x68
 .text.CLOCK_Initialize
                0x0000000000400af4       0x68 build/default/production/_ext/60165520/plib_clk.o
                0x0000000000400af4                CLOCK_Initialize

.text.USART1_ISR_RX_Handler%22
                0x0000000000400b5c       0x68
 .text.USART1_ISR_RX_Handler
                0x0000000000400b5c       0x68 build/default/production/_ext/2001315827/plib_usart1.o

.text.USART1_InterruptHandler%23
                0x0000000000400bc4       0x64
 .text.USART1_InterruptHandler
                0x0000000000400bc4       0x64 build/default/production/_ext/2001315827/plib_usart1.o
                0x0000000000400bc4                USART1_InterruptHandler

.text.NVIC_Initialize%24
                0x0000000000400c28       0x60
 .text.NVIC_Initialize
                0x0000000000400c28       0x60 build/default/production/_ext/1865468468/plib_nvic.o
                0x0000000000400c28                NVIC_Initialize

.text.delay_init%25
                0x0000000000400c88       0x5c
 .text.delay_init
                0x0000000000400c88       0x5c build/default/production/_ext/659870106/delay.o
                0x0000000000400c88                delay_init

.text.__libc_start_init%26
                0x0000000000400ce4       0x5c
 .text.__libc_start_init
                0x0000000000400ce4       0x5c c:/program files/microchip/xc32/v4.60/bin/bin/../../lib/gcc/pic32c/8.3.1/../../../../pic32c/lib/thumb/v7e-m+dp/hard\libc-musl.a(__libc_start_main.o)
                0x0000000000400ce4                __libc_init_array

.text.USART1_WriteHexDump%27
                0x0000000000400d40       0x4e
 .text.USART1_WriteHexDump
                0x0000000000400d40       0x4e build/default/production/_ext/659870106/print_fuction.o
                0x0000000000400d40                USART1_WriteHexDump

.text.SPI0_ReadBlocking%28
                0x0000000000400d8e       0x4c
 .text.SPI0_ReadBlocking
                0x0000000000400d8e       0x4c build/default/production/_ext/659870106/spi_common.o
                0x0000000000400d8e                SPI0_ReadBlocking

.rodata.main.str1.4%29
                0x0000000000400ddc       0x48
 .rodata.main.str1.4
                0x0000000000400ddc       0x48 build/default/production/_ext/1360937237/main.o

.text.delay_us%30
                0x0000000000400e24       0x48
 .text.delay_us
                0x0000000000400e24       0x48 build/default/production/_ext/659870106/delay.o
                0x0000000000400e24                delay_us

.text%31        0x0000000000400e6c       0x40
 .text          0x0000000000400e6c       0x40 c:/program files/microchip/xc32/v4.60/bin/bin/../../lib/gcc/pic32c/8.3.1/thumb/v7e-m+dp/hard/crtbegin.o

.text.USART1_Initialize%32
                0x0000000000400eac       0x3c
 .text.USART1_Initialize
                0x0000000000400eac       0x3c build/default/production/_ext/2001315827/plib_usart1.o
                0x0000000000400eac                USART1_Initialize

.text.__pic32c_data_initialization%33
                0x0000000000400ee8       0x38
 .text.__pic32c_data_initialization
                0x0000000000400ee8       0x38 c:/program files/microchip/xc32/v4.60/bin/bin/../../lib/gcc/pic32c/8.3.1/../../../../pic32c/lib/thumb/v7e-m+dp/hard\libpic32c.a(data_init.o)
                0x0000000000400ee8                __pic32c_data_initialization

.text.delay_cycles%34
                0x0000000000400f20       0x30
 .text.delay_cycles
                0x0000000000400f20       0x30 build/default/production/_ext/659870106/delay.o
                0x0000000000400f20                delay_cycles

.text%35        0x0000000000400f50       0x30
 .text          0x0000000000400f50       0x30 c:/program files/microchip/xc32/v4.60/bin/bin/../../lib/gcc/pic32c/8.3.1/thumb/v7e-m+dp/hard\libgcc.a(_aeabi_uldivmod.o)
                0x0000000000400f50                __aeabi_uldivmod

.text.SPI0_Initialize%36
                0x0000000000400f80       0x2c
 .text.SPI0_Initialize
                0x0000000000400f80       0x2c build/default/production/_ext/298189674/plib_spi0_master.o
                0x0000000000400f80                SPI0_Initialize

.text.USART1_ErrorClear%37
                0x0000000000400fac       0x2c
 .text.USART1_ErrorClear
                0x0000000000400fac       0x2c build/default/production/_ext/2001315827/plib_usart1.o

.text.SYS_Initialize%38
                0x0000000000400fd8       0x2c
 .text.SYS_Initialize
                0x0000000000400fd8       0x2c build/default/production/_ext/1171490990/initialization.o
                0x0000000000400fd8                SYS_Initialize

.text.__dinit_copy%39
                0x0000000000401004       0x1e
 .text.__dinit_copy
                0x0000000000401004       0x1e c:/program files/microchip/xc32/v4.60/bin/bin/../../lib/gcc/pic32c/8.3.1/../../../../pic32c/lib/thumb/v7e-m+dp/hard\libpic32c.a(pic32_data_init_copy.o)
                0x0000000000401004                __dinit_copy_needed
                0x0000000000401004                __dinit_copy

.text.SPI0_IsBusy%40
                0x0000000000401024       0x1c
 .text.SPI0_IsBusy
                0x0000000000401024       0x1c build/default/production/_ext/298189674/plib_spi0_master.o
                0x0000000000401024                SPI0_IsBusy

.text.USART1_WriteString%41
                0x0000000000401040       0x1c
 .text.USART1_WriteString
                0x0000000000401040       0x1c build/default/production/_ext/659870106/print_fuction.o
                0x0000000000401040                USART1_WriteString

.text.delay_ms%42
                0x000000000040105c       0x1c
 .text.delay_ms
                0x000000000040105c       0x1c build/default/production/_ext/659870106/delay.o
                0x000000000040105c                delay_ms

.text.strlen%43
                0x0000000000401078       0x18
 .text.strlen   0x0000000000401078       0x18 c:/program files/microchip/xc32/v4.60/bin/bin/../../lib/gcc/pic32c/8.3.1/../../../../pic32c/lib/thumb/v7e-m+dp/hard\libc-size-musl.a(strlen.o)
                0x0000000000401078                strlen

.rodata%44      0x0000000000401090       0x14
 .rodata        0x0000000000401090       0x14 c:/program files/microchip/xc32/v4.60/bin/bin/../../lib/gcc/pic32c/8.3.1/../../../../pic32c/lib/thumb/v7e-m+dp/hard\libpic32c.a(data_init.o)

.text.memset%45
                0x00000000004010a4       0x14
 .text.memset   0x00000000004010a4       0x14 c:/program files/microchip/xc32/v4.60/bin/bin/../../lib/gcc/pic32c/8.3.1/../../../../pic32c/lib/thumb/v7e-m+dp/hard\libc-size-musl.a(memset.o)
                0x00000000004010a4                memset

.text.__dinit_clear%46
                0x00000000004010b8       0x12
 .text.__dinit_clear
                0x00000000004010b8       0x12 c:/program files/microchip/xc32/v4.60/bin/bin/../../lib/gcc/pic32c/8.3.1/../../../../pic32c/lib/thumb/v7e-m+dp/hard\libpic32c.a(pic32_data_init_clear.o)
                0x00000000004010b8                __dinit_clear
                0x00000000004010b8                __dinit_clear_needed

.text.EFC_Initialize%47
                0x00000000004010cc       0x10
 .text.EFC_Initialize
                0x00000000004010cc       0x10 build/default/production/_ext/60167248/plib_efc.o
                0x00000000004010cc                EFC_Initialize

.text.USART1_WriteIsBusy%48
                0x00000000004010dc        0xc
 .text.USART1_WriteIsBusy
                0x00000000004010dc        0xc build/default/production/_ext/2001315827/plib_usart1.o
                0x00000000004010dc                USART1_WriteIsBusy

.text.__dummy_decompress%49
                0x00000000004010e8        0x4
 .text.__dummy_decompress
                0x00000000004010e8        0x4 c:/program files/microchip/xc32/v4.60/bin/bin/../../lib/gcc/pic32c/8.3.1/../../../../pic32c/lib/thumb/v7e-m+dp/hard\libpic32c.a(data_init.o)
                0x00000000004010e8                __dinit_decompress
                0x00000000004010e8                __dinit_copy_val_data
                0x00000000004010e8                __dinit_copy_emb

.text%50        0x00000000004010ec        0x4
 .text          0x00000000004010ec        0x4 c:/program files/microchip/xc32/v4.60/bin/bin/../../lib/gcc/pic32c/8.3.1/thumb/v7e-m+dp/hard\libgcc.a(_dvmd_tls.o)
                0x00000000004010ec                __aeabi_idiv0
                0x00000000004010ec                __aeabi_ldiv0

.text.NonMaskableInt_Handler%51
                0x0000000000400dda        0x2
 .text.NonMaskableInt_Handler
                0x0000000000400dda        0x2 build/default/production/_ext/1171490990/exceptions.o
                0x0000000000400dda                NonMaskableInt_Handler

.text.HardFault_Handler%52
                0x0000000000401022        0x2
 .text.HardFault_Handler
                0x0000000000401022        0x2 build/default/production/_ext/1171490990/exceptions.o
                0x0000000000401022                HardFault_Handler

.text.DebugMonitor_Handler%53
                0x00000000004010ca        0x2
 .text.DebugMonitor_Handler
                0x00000000004010ca        0x2 build/default/production/_ext/1171490990/exceptions.o
                0x00000000004010ca                DebugMonitor_Handler

.text.MemoryManagement_Handler%54
                0x00000000004010f0        0x2
 .text.MemoryManagement_Handler
                0x00000000004010f0        0x2 build/default/production/_ext/1171490990/exceptions.o
                0x00000000004010f0                MemoryManagement_Handler

.text.BusFault_Handler%55
                0x00000000004010f2        0x2
 .text.BusFault_Handler
                0x00000000004010f2        0x2 build/default/production/_ext/1171490990/exceptions.o
                0x00000000004010f2                BusFault_Handler

.text.UsageFault_Handler%56
                0x00000000004010f4        0x2
 .text.UsageFault_Handler
                0x00000000004010f4        0x2 build/default/production/_ext/1171490990/exceptions.o
                0x00000000004010f4                UsageFault_Handler

.text.Dummy_App_Func%57
                0x00000000004010f6        0x2
 .text.Dummy_App_Func
                0x00000000004010f6        0x2 build/default/production/_ext/1171490990/startup_xc32.o
                0x00000000004010f6                _on_reset
                0x00000000004010f6                _on_bootstrap
                0x00000000004010f6                __xc32_on_reset
                0x00000000004010f6                Dummy_App_Func
                0x00000000004010f6                __xc32_on_bootstrap

.text.Dummy_Handler%58
                0x00000000004010f8        0x2
 .text.Dummy_Handler
                0x00000000004010f8        0x2 build/default/production/_ext/1171490990/interrupts.o
                0x00000000004010f8                DACC_Handler
                0x00000000004010f8                SVCall_Handler
                0x00000000004010f8                TC0_CH2_Handler
                0x00000000004010f8                TC3_CH1_Handler
                0x00000000004010f8                UART3_Handler
                0x00000000004010f8                UART2_Handler
                0x00000000004010f8                TRNG_Handler
                0x00000000004010f8                SysTick_Handler
                0x00000000004010f8                AFEC1_Handler
                0x00000000004010f8                PendSV_Handler
                0x00000000004010f8                TC0_CH1_Handler
                0x00000000004010f8                QSPI_Handler
                0x00000000004010f8                ISI_Handler
                0x00000000004010f8                MCAN0_INT0_Handler
                0x00000000004010f8                RSWDT_Handler
                0x00000000004010f8                USART0_Handler
                0x00000000004010f8                TC1_CH2_Handler
                0x00000000004010f8                RTT_Handler
                0x00000000004010f8                USBHS_Handler
                0x00000000004010f8                IXC_Handler
                0x00000000004010f8                CCF_Handler
                0x00000000004010f8                PIOB_Handler
                0x00000000004010f8                RTC_Handler
                0x00000000004010f8                WDT_Handler
                0x00000000004010f8                MCAN1_INT1_Handler
                0x00000000004010f8                HSMCI_Handler
                0x00000000004010f8                UART1_Handler
                0x00000000004010f8                Dummy_Handler
                0x00000000004010f8                TWIHS1_Handler
                0x00000000004010f8                TC3_CH2_Handler
                0x00000000004010f8                XDMAC_Handler
                0x00000000004010f8                UART4_Handler
                0x00000000004010f8                TC2_CH0_Handler
                0x00000000004010f8                PWM1_Handler
                0x00000000004010f8                PWM0_Handler
                0x00000000004010f8                PIOA_Handler
                0x00000000004010f8                AFEC0_Handler
                0x00000000004010f8                CCW_Handler
                0x00000000004010f8                TC3_CH0_Handler
                0x00000000004010f8                SSC_Handler
                0x00000000004010f8                TC1_CH0_Handler
                0x00000000004010f8                ACC_Handler
                0x00000000004010f8                PMC_Handler
                0x00000000004010f8                GMAC_Handler
                0x00000000004010f8                TC2_CH2_Handler
                0x00000000004010f8                MCAN0_INT1_Handler
                0x00000000004010f8                GMAC_Q5_Handler
                0x00000000004010f8                SUPC_Handler
                0x00000000004010f8                TC2_CH1_Handler
                0x00000000004010f8                MCAN1_INT0_Handler
                0x00000000004010f8                EFC_Handler
                0x00000000004010f8                GMAC_Q1_Handler
                0x00000000004010f8                USART2_Handler
                0x00000000004010f8                GMAC_Q2_Handler
                0x00000000004010f8                PIOE_Handler
                0x00000000004010f8                SPI1_Handler
                0x00000000004010f8                TC1_CH1_Handler
                0x00000000004010f8                GMAC_Q3_Handler
                0x00000000004010f8                PIOD_Handler
                0x00000000004010f8                TWIHS2_Handler
                0x00000000004010f8                I2SC0_Handler
                0x00000000004010f8                UART0_Handler
                0x00000000004010f8                I2SC1_Handler
                0x00000000004010f8                TC0_CH0_Handler
                0x00000000004010f8                PIOC_Handler
                0x00000000004010f8                GMAC_Q4_Handler
                0x00000000004010f8                FPU_Handler
                0x00000000004010f8                RSTC_Handler
                0x00000000004010f8                ICM_Handler
                0x00000000004010f8                AES_Handler
                0x00000000004010f8                TWIHS0_Handler

.text.__dummy_init_tls%59
                0x00000000004010fa        0x2
 .text.__dummy_init_tls
                0x00000000004010fa        0x2 c:/program files/microchip/xc32/v4.60/bin/bin/../../lib/gcc/pic32c/8.3.1/../../../../pic32c/lib/thumb/v7e-m+dp/hard\libpic32c.a(data_init.o)
                0x00000000004010fa                xc32_init_tls

.text.__dummy%60
                0x00000000004010fc        0x2
 .text.__dummy  0x00000000004010fc        0x2 c:/program files/microchip/xc32/v4.60/bin/bin/../../lib/gcc/pic32c/8.3.1/../../../../pic32c/lib/thumb/v7e-m+dp/hard\libc-musl.a(__libc_start_main.o)
                0x00000000004010fc                __init_stdio
                0x00000000004010fc                __init_host
