Archive member included to satisfy reference by file (symbol)

c:/program files/microchip/xc32/v4.60/bin/bin/../../lib/gcc/pic32c/8.3.1/../../../../pic32c/lib/thumb/v7e-m+dp/hard\libpic32c.a(data_init.o)
                              build/default/production/_ext/1171490990/startup_xc32.o (__pic32c_data_initialization)
c:/program files/microchip/xc32/v4.60/bin/bin/../../lib/gcc/pic32c/8.3.1/../../../../pic32c/lib/thumb/v7e-m+dp/hard\libc-size-musl.a(memcpy.o)
                              build/default/production/_ext/60167248/plib_efc.o (memcpy)
c:/program files/microchip/xc32/v4.60/bin/bin/../../lib/gcc/pic32c/8.3.1/../../../../pic32c/lib/thumb/v7e-m+dp/hard\libc-musl.a(__libc_start_main.o)
                              build/default/production/_ext/1171490990/startup_xc32.o (__libc_init_array)
c:/program files/microchip/xc32/v4.60/bin/bin/../../lib/gcc/pic32c/8.3.1/../../../../pic32c/lib/thumb/v7e-m+dp/hard\libc-musl.a(libc.o)
                              c:/program files/microchip/xc32/v4.60/bin/bin/../../lib/gcc/pic32c/8.3.1/../../../../pic32c/lib/thumb/v7e-m+dp/hard\libc-musl.a(__libc_start_main.o) (__progname_full)
c:/program files/microchip/xc32/v4.60/bin/bin/../../lib/gcc/pic32c/8.3.1/../../../../pic32c/lib/thumb/v7e-m+dp/hard\libc-musl.a(__environ.o)
                              c:/program files/microchip/xc32/v4.60/bin/bin/../../lib/gcc/pic32c/8.3.1/../../../../pic32c/lib/thumb/v7e-m+dp/hard\libc-musl.a(__libc_start_main.o) (__environ)
c:/program files/microchip/xc32/v4.60/bin/bin/../../lib/gcc/pic32c/8.3.1/../../../../pic32c/lib/thumb/v7e-m+dp/hard\libpic32c.a(pic32_data_init_clear.o)
                              (__dinit_clear_needed)
c:/program files/microchip/xc32/v4.60/bin/bin/../../lib/gcc/pic32c/8.3.1/../../../../pic32c/lib/thumb/v7e-m+dp/hard\libpic32c.a(pic32_data_init_copy.o)
                              (__dinit_copy_needed)

Microchip PIC32 Memory-Usage Report

ROM Program-Memory Usage
section                    address  length [bytes]      (dec)  Description
-------                 ----------  -------------------------  -----------
.vectors                  0x400000          0x168         360   
.text                     0x400168           0x20          32  App's exec code 
.text.Reset_Handler       0x400188          0x160         352   
.text.SPI0_InterruptHan   0x4002e8          0x140         320   
.text.SPI0_WriteRead      0x400428          0x124         292   
.text.PIO_Initialize      0x40054c           0xd0         208   
.dinit                    0x40061c           0x80         128   
.text.USART1_Write        0x40069c           0x78         120   
.text.USART1_ISR_TX_Han   0x400714           0x74         116   
.text.CLOCK_Initialize    0x400788           0x68         104   
.text.USART1_ISR_RX_Han   0x4007f0           0x68         104   
.text.USART1_InterruptH   0x400858           0x64         100   
.text.NVIC_Initialize     0x4008bc           0x60          96   
.text.__libc_start_init   0x40091c           0x5c          92   
.text.main                0x400978           0x54          84   
.text                     0x4009cc           0x40          64  App's exec code 
.text.USART1_Initialize   0x400a0c           0x3c          60   
.text.__pic32c_data_ini   0x400a48           0x38          56   
.text.SPI0_Initialize     0x400a80           0x2c          44   
.text.USART1_ErrorClear   0x400aac           0x2c          44   
.text.SYS_Initialize      0x400ad8           0x2c          44   
.rodata.main.str1.4       0x400b04           0x24          36   
.text.__dinit_copy        0x400b28           0x1e          30   
.text.NonMaskableInt_Ha   0x400b46            0x2           2   
.text.SPI0_IsBusy         0x400b48           0x1c          28   
.rodata                   0x400b64           0x14          20  Read-only const 
.text.__dinit_clear       0x400b78           0x12          18   
.text.HardFault_Handler   0x400b8a            0x2           2   
.text.EFC_Initialize      0x400b8c           0x10          16   
.text.USART1_WriteIsBus   0x400b9c            0xc          12   
.text.__dummy_decompres   0x400ba8            0x4           4   
.text.DebugMonitor_Hand   0x400bac            0x2           2   
.text.MemoryManagement_   0x400bae            0x2           2   
.text.BusFault_Handler    0x400bb0            0x2           2   
.text.UsageFault_Handle   0x400bb2            0x2           2   
.text.Dummy_App_Func      0x400bb4            0x2           2   
.text.Dummy_Handler       0x400bb6            0x2           2   
.text.__dummy_init_tls    0x400bb8            0x2           2   
.text.__dummy             0x400bba            0x2           2   
      Total ROM used  :       0xbbc        3004  0.1% of 0x200000
        --------------------------------------------------------------------------
         Total Program Memory used  :       0xbbc        3004  0.1% of 0x200000
        --------------------------------------------------------------------------


RAM Data-Memory Usage
section                    address  length [bytes]      (dec)  Description
-------                 ----------  -------------------------  -----------
.bss.rxBuf              0x20400000         0x1000        4096   
.bss                    0x20401000           0x50          80  Uninitialized data 
.bss.usart1Obj          0x20401050           0x34          52   
.bss.spi0Obj            0x20401084           0x2c          44   
.bss                    0x204010b0           0x1c          28  Uninitialized data 
.bss.cmd.7827           0x204010cc            0x4           4   
.bss                    0x204010d0            0x4           4  Uninitialized data 
.bss                    0x204010d4            0x4           4  Uninitialized data 
.bss.isLastByteTransfer 0x204010d8            0x1           1   
         Total RAM used  :      0x10d9        4313  1.1% of 0x60000
        --------------------------------------------------------------------------
            Total Data Memory used  :      0x10d9        4313  1.1% of 0x60000
        --------------------------------------------------------------------------


Dynamic Data-Memory Reservation
section                    address  length [bytes]      (dec)  Description
-------                 ----------  -------------------------  -----------
heap                    0x204010e0          0x200         512  Reserved for heap 
stack                   0x204012f8        0x5ecf8      388344  Reserved for stack 

        --------------------------------------------------------------------------

Microchip PIC32 Memory-Usage Report By Module

        text        data         bss         dec         hex    basename                   filename
--------------------------------------------------------------------------------
         120           0        4096        4216        1078    main.o                 build/default/production/_ext/1360937237/main.o
         684           0          45         729         2d9    plib_spi0_master.o     build/default/production/_ext/298189674/plib_spi0_master.o
         556           0          52         608         260    plib_usart1.o          build/default/production/_ext/2001315827/plib_usart1.o
         362           0           0         362         16a    interrupts.o           build/default/production/_ext/1171490990/interrupts.o
         354           0           4         358         166    startup_xc32.o         build/default/production/_ext/1171490990/startup_xc32.o
         208           0           0         208          d0    plib_pio.o             build/default/production/_ext/60177924/plib_pio.o
         128           0           0         128          80    data_init              data_init
         104           0           0         104          68    plib_clk.o             build/default/production/_ext/60165520/plib_clk.o
          72           0          28         100          64    crtbegin.o             c:/program files/microchip/xc32/v4.60/bin/bin/../../lib/gcc/pic32c/8.3.1/thumb/v7e-m+dp/hard/crtbegin.o
          96           0           0          96          60    plib_nvic.o            build/default/production/_ext/1865468468/plib_nvic.o
          94           0           0          94          5e    __libc_start_main.o    libc-musl.a
          82           0           4          86          56    data_init.o            libpic32c.a
           0           0          80          80          50    libc.o                 libc-musl.a
          48           0           0          48          30    initialization.o       build/default/production/_ext/1171490990/initialization.o
          30           0           0          30          1e    pic32_data_init_copy.o libpic32c.a
          18           0           0          18          12    pic32_data_init_clear.olibpic32c.a
          16           0           0          16          10    crtn.o                 c:/program files/microchip/xc32/v4.60/bin/bin/../../lib/gcc/pic32c/8.3.1/thumb/v7e-m+dp/hard/crtn.o
          16           0           0          16          10    plib_efc.o             build/default/production/_ext/60167248/plib_efc.o
          12           0           0          12           c    exceptions.o           build/default/production/_ext/1171490990/exceptions.o
           8           0           0           8           8    crti.o                 c:/program files/microchip/xc32/v4.60/bin/bin/../../lib/gcc/pic32c/8.3.1/thumb/v7e-m+dp/hard/crti.o
           0           0           4           4           4    __environ.o            libc-musl.a
--------------------------------------------------------------------------------
        3008           0        4313        7321        1c99    dist/default/production/USART.production.elf


Discarded input sections

 .text          0x0000000000000000        0x0 c:/program files/microchip/xc32/v4.60/bin/bin/../../lib/gcc/pic32c/8.3.1/thumb/v7e-m+dp/hard/crti.o
 .data          0x0000000000000000        0x0 c:/program files/microchip/xc32/v4.60/bin/bin/../../lib/gcc/pic32c/8.3.1/thumb/v7e-m+dp/hard/crti.o
 .bss           0x0000000000000000        0x0 c:/program files/microchip/xc32/v4.60/bin/bin/../../lib/gcc/pic32c/8.3.1/thumb/v7e-m+dp/hard/crti.o
 .xc_stack_usage.hdr
                0x0000000000000000        0xe c:/program files/microchip/xc32/v4.60/bin/bin/../../lib/gcc/pic32c/8.3.1/thumb/v7e-m+dp/hard/crti.o
 .xc_stack_usage
                0x0000000000000000       0x26 c:/program files/microchip/xc32/v4.60/bin/bin/../../lib/gcc/pic32c/8.3.1/thumb/v7e-m+dp/hard/crti.o
 .data          0x0000000000000000        0x4 c:/program files/microchip/xc32/v4.60/bin/bin/../../lib/gcc/pic32c/8.3.1/thumb/v7e-m+dp/hard/crtbegin.o
 .xc_stack_usage
                0x0000000000000000       0x3c c:/program files/microchip/xc32/v4.60/bin/bin/../../lib/gcc/pic32c/8.3.1/thumb/v7e-m+dp/hard/crtbegin.o
 .xc_stack_usage.hdr
                0x0000000000000000        0xe c:/program files/microchip/xc32/v4.60/bin/bin/../../lib/gcc/pic32c/8.3.1/thumb/v7e-m+dp/hard/crtbegin.o
 .text          0x0000000000000000        0x0 build/default/production/_ext/60165520/plib_clk.o
 .data          0x0000000000000000        0x0 build/default/production/_ext/60165520/plib_clk.o
 .bss           0x0000000000000000        0x0 build/default/production/_ext/60165520/plib_clk.o
 .text          0x0000000000000000        0x0 build/default/production/_ext/60167248/plib_efc.o
 .data          0x0000000000000000        0x0 build/default/production/_ext/60167248/plib_efc.o
 .bss           0x0000000000000000        0x0 build/default/production/_ext/60167248/plib_efc.o
 .text.EFC_Read
                0x0000000000000000       0x10 build/default/production/_ext/60167248/plib_efc.o
 .text.EFC_SectorErase
                0x0000000000000000       0x54 build/default/production/_ext/60167248/plib_efc.o
 .text.EFC_PageBufferWrite
                0x0000000000000000       0x60 build/default/production/_ext/60167248/plib_efc.o
 .text.EFC_PageBufferCommit
                0x0000000000000000       0x34 build/default/production/_ext/60167248/plib_efc.o
 .text.EFC_PageWrite
                0x0000000000000000       0x84 build/default/production/_ext/60167248/plib_efc.o
 .text.EFC_QuadWordWrite
                0x0000000000000000       0x64 build/default/production/_ext/60167248/plib_efc.o
 .text.EFC_RegionLock
                0x0000000000000000       0x2c build/default/production/_ext/60167248/plib_efc.o
 .text.EFC_RegionUnlock
                0x0000000000000000       0x2c build/default/production/_ext/60167248/plib_efc.o
 .text.EFC_IsBusy
                0x0000000000000000       0x20 build/default/production/_ext/60167248/plib_efc.o
 .text.EFC_ErrorGet
                0x0000000000000000       0x18 build/default/production/_ext/60167248/plib_efc.o
 .bss.efc_status
                0x0000000000000000        0x4 build/default/production/_ext/60167248/plib_efc.o
 .text          0x0000000000000000        0x0 build/default/production/_ext/1865468468/plib_nvic.o
 .data          0x0000000000000000        0x0 build/default/production/_ext/1865468468/plib_nvic.o
 .bss           0x0000000000000000        0x0 build/default/production/_ext/1865468468/plib_nvic.o
 .text.NVIC_INT_Enable
                0x0000000000000000        0x8 build/default/production/_ext/1865468468/plib_nvic.o
 .text.NVIC_INT_Disable
                0x0000000000000000       0x12 build/default/production/_ext/1865468468/plib_nvic.o
 .text.NVIC_INT_Restore
                0x0000000000000000       0x12 build/default/production/_ext/1865468468/plib_nvic.o
 .text.NVIC_INT_SourceDisable
                0x0000000000000000       0x44 build/default/production/_ext/1865468468/plib_nvic.o
 .text.NVIC_INT_SourceRestore
                0x0000000000000000       0x20 build/default/production/_ext/1865468468/plib_nvic.o
 .text          0x0000000000000000        0x0 build/default/production/_ext/60177924/plib_pio.o
 .data          0x0000000000000000        0x0 build/default/production/_ext/60177924/plib_pio.o
 .bss           0x0000000000000000        0x0 build/default/production/_ext/60177924/plib_pio.o
 .text.PIO_PortRead
                0x0000000000000000        0x4 build/default/production/_ext/60177924/plib_pio.o
 .text.PIO_PortWrite
                0x0000000000000000        0xc build/default/production/_ext/60177924/plib_pio.o
 .text.PIO_PortLatchRead
                0x0000000000000000        0x4 build/default/production/_ext/60177924/plib_pio.o
 .text.PIO_PortSet
                0x0000000000000000        0x4 build/default/production/_ext/60177924/plib_pio.o
 .text.PIO_PortClear
                0x0000000000000000        0x4 build/default/production/_ext/60177924/plib_pio.o
 .text.PIO_PortToggle
                0x0000000000000000        0x8 build/default/production/_ext/60177924/plib_pio.o
 .text.PIO_PortInputEnable
                0x0000000000000000        0x4 build/default/production/_ext/60177924/plib_pio.o
 .text.PIO_PortOutputEnable
                0x0000000000000000        0x4 build/default/production/_ext/60177924/plib_pio.o
 .text          0x0000000000000000        0x0 build/default/production/_ext/298189674/plib_spi0_master.o
 .data          0x0000000000000000        0x0 build/default/production/_ext/298189674/plib_spi0_master.o
 .bss           0x0000000000000000        0x0 build/default/production/_ext/298189674/plib_spi0_master.o
 .text.SPI0_Write
                0x0000000000000000        0xc build/default/production/_ext/298189674/plib_spi0_master.o
 .text.SPI0_Read
                0x0000000000000000       0x10 build/default/production/_ext/298189674/plib_spi0_master.o
 .text.SPI0_TransferSetup
                0x0000000000000000       0x58 build/default/production/_ext/298189674/plib_spi0_master.o
 .text.SPI0_IsTransmitterBusy
                0x0000000000000000       0x14 build/default/production/_ext/298189674/plib_spi0_master.o
 .text.SPI0_CallbackRegister
                0x0000000000000000        0xc build/default/production/_ext/298189674/plib_spi0_master.o
 .text          0x0000000000000000        0x0 build/default/production/_ext/2001315827/plib_usart1.o
 .data          0x0000000000000000        0x0 build/default/production/_ext/2001315827/plib_usart1.o
 .bss           0x0000000000000000        0x0 build/default/production/_ext/2001315827/plib_usart1.o
 .text.USART1_ErrorGet
                0x0000000000000000       0x10 build/default/production/_ext/2001315827/plib_usart1.o
 .text.USART1_SerialSetup
                0x0000000000000000       0x94 build/default/production/_ext/2001315827/plib_usart1.o
 .text.USART1_Read
                0x0000000000000000       0x40 build/default/production/_ext/2001315827/plib_usart1.o
 .text.USART1_TransmitComplete
                0x0000000000000000       0x10 build/default/production/_ext/2001315827/plib_usart1.o
 .text.USART1_WriteCallbackRegister
                0x0000000000000000        0xc build/default/production/_ext/2001315827/plib_usart1.o
 .text.USART1_ReadCallbackRegister
                0x0000000000000000        0xc build/default/production/_ext/2001315827/plib_usart1.o
 .text.USART1_ReadIsBusy
                0x0000000000000000        0xc build/default/production/_ext/2001315827/plib_usart1.o
 .text.USART1_ReadAbort
                0x0000000000000000       0x28 build/default/production/_ext/2001315827/plib_usart1.o
 .text.USART1_WriteCountGet
                0x0000000000000000        0xc build/default/production/_ext/2001315827/plib_usart1.o
 .text.USART1_ReadCountGet
                0x0000000000000000        0xc build/default/production/_ext/2001315827/plib_usart1.o
 .text          0x0000000000000000        0x0 build/default/production/_ext/163028504/xc32_monitor.o
 .data          0x0000000000000000        0x0 build/default/production/_ext/163028504/xc32_monitor.o
 .bss           0x0000000000000000        0x0 build/default/production/_ext/163028504/xc32_monitor.o
 .text.read     0x0000000000000000        0x6 build/default/production/_ext/163028504/xc32_monitor.o
 .text.write    0x0000000000000000        0x6 build/default/production/_ext/163028504/xc32_monitor.o
 .debug_info    0x0000000000000000       0xf5 build/default/production/_ext/163028504/xc32_monitor.o
 .debug_abbrev  0x0000000000000000       0xb2 build/default/production/_ext/163028504/xc32_monitor.o
 .debug_loc     0x0000000000000000       0x4a build/default/production/_ext/163028504/xc32_monitor.o
 .debug_aranges
                0x0000000000000000       0x28 build/default/production/_ext/163028504/xc32_monitor.o
 .debug_ranges  0x0000000000000000       0x18 build/default/production/_ext/163028504/xc32_monitor.o
 .debug_line    0x0000000000000000       0xca build/default/production/_ext/163028504/xc32_monitor.o
 .debug_str     0x0000000000000000      0x256 build/default/production/_ext/163028504/xc32_monitor.o
 .comment       0x0000000000000000       0x2c build/default/production/_ext/163028504/xc32_monitor.o
 .debug_frame   0x0000000000000000       0x30 build/default/production/_ext/163028504/xc32_monitor.o
 .ARM.attributes
                0x0000000000000000       0x32 build/default/production/_ext/163028504/xc32_monitor.o
 .text          0x0000000000000000        0x0 build/default/production/_ext/1171490990/exceptions.o
 .data          0x0000000000000000        0x0 build/default/production/_ext/1171490990/exceptions.o
 .bss           0x0000000000000000        0x0 build/default/production/_ext/1171490990/exceptions.o
 .text          0x0000000000000000        0x0 build/default/production/_ext/1171490990/startup_xc32.o
 .data          0x0000000000000000        0x0 build/default/production/_ext/1171490990/startup_xc32.o
 .bss           0x0000000000000000        0x0 build/default/production/_ext/1171490990/startup_xc32.o
 .text          0x0000000000000000        0x0 build/default/production/_ext/1171490990/interrupts.o
 .data          0x0000000000000000        0x0 build/default/production/_ext/1171490990/interrupts.o
 .bss           0x0000000000000000        0x0 build/default/production/_ext/1171490990/interrupts.o
 .text          0x0000000000000000        0x0 build/default/production/_ext/1171490990/libc_syscalls.o
 .data          0x0000000000000000        0x0 build/default/production/_ext/1171490990/libc_syscalls.o
 .bss           0x0000000000000000        0x0 build/default/production/_ext/1171490990/libc_syscalls.o
 .text._exit    0x0000000000000000        0x2 build/default/production/_ext/1171490990/libc_syscalls.o
 .debug_info    0x0000000000000000       0xaa build/default/production/_ext/1171490990/libc_syscalls.o
 .debug_abbrev  0x0000000000000000       0x5d build/default/production/_ext/1171490990/libc_syscalls.o
 .debug_loc     0x0000000000000000       0x15 build/default/production/_ext/1171490990/libc_syscalls.o
 .debug_aranges
                0x0000000000000000       0x20 build/default/production/_ext/1171490990/libc_syscalls.o
 .debug_ranges  0x0000000000000000       0x10 build/default/production/_ext/1171490990/libc_syscalls.o
 .debug_line    0x0000000000000000       0x5b build/default/production/_ext/1171490990/libc_syscalls.o
 .debug_str     0x0000000000000000      0x29a build/default/production/_ext/1171490990/libc_syscalls.o
 .comment       0x0000000000000000       0x2c build/default/production/_ext/1171490990/libc_syscalls.o
 .debug_frame   0x0000000000000000       0x20 build/default/production/_ext/1171490990/libc_syscalls.o
 .ARM.attributes
                0x0000000000000000       0x32 build/default/production/_ext/1171490990/libc_syscalls.o
 .text          0x0000000000000000        0x0 build/default/production/_ext/1171490990/initialization.o
 .data          0x0000000000000000        0x0 build/default/production/_ext/1171490990/initialization.o
 .bss           0x0000000000000000        0x0 build/default/production/_ext/1171490990/initialization.o
 .text          0x0000000000000000        0x0 build/default/production/_ext/1360937237/main.o
 .data          0x0000000000000000        0x0 build/default/production/_ext/1360937237/main.o
 .bss           0x0000000000000000        0x0 build/default/production/_ext/1360937237/main.o
 .text          0x0000000000000000        0x0 build/default/production/_ext/659870106/print_fuction.o
 .data          0x0000000000000000        0x0 build/default/production/_ext/659870106/print_fuction.o
 .bss           0x0000000000000000        0x0 build/default/production/_ext/659870106/print_fuction.o
 .text.USART1_WriteHex8
                0x0000000000000000       0x68 build/default/production/_ext/659870106/print_fuction.o
 .text.USART1_WriteNumber
                0x0000000000000000       0x94 build/default/production/_ext/659870106/print_fuction.o
 .text.USART1_WriteString
                0x0000000000000000       0x24 build/default/production/_ext/659870106/print_fuction.o
 .rodata.USART1_WriteHex8.str1.4
                0x0000000000000000       0x14 build/default/production/_ext/659870106/print_fuction.o
 .debug_info    0x0000000000000000      0x29c build/default/production/_ext/659870106/print_fuction.o
 .debug_abbrev  0x0000000000000000      0x12e build/default/production/_ext/659870106/print_fuction.o
 .debug_loc     0x0000000000000000      0x222 build/default/production/_ext/659870106/print_fuction.o
 .debug_aranges
                0x0000000000000000       0x30 build/default/production/_ext/659870106/print_fuction.o
 .debug_ranges  0x0000000000000000       0x20 build/default/production/_ext/659870106/print_fuction.o
 .debug_line    0x0000000000000000      0x22c build/default/production/_ext/659870106/print_fuction.o
 .debug_str     0x0000000000000000      0x304 build/default/production/_ext/659870106/print_fuction.o
 .comment       0x0000000000000000       0x2c build/default/production/_ext/659870106/print_fuction.o
 .debug_frame   0x0000000000000000       0x74 build/default/production/_ext/659870106/print_fuction.o
 .ARM.attributes
                0x0000000000000000       0x32 build/default/production/_ext/659870106/print_fuction.o
 .text          0x0000000000000000        0x0 c:/program files/microchip/xc32/v4.60/bin/bin/../../lib/gcc/pic32c/8.3.1/../../../../pic32c/lib/thumb/v7e-m+dp/hard\libpic32c.a(data_init.o)
 .data          0x0000000000000000        0x0 c:/program files/microchip/xc32/v4.60/bin/bin/../../lib/gcc/pic32c/8.3.1/../../../../pic32c/lib/thumb/v7e-m+dp/hard\libpic32c.a(data_init.o)
 .xc_stack_usage
                0x0000000000000000       0x68 c:/program files/microchip/xc32/v4.60/bin/bin/../../lib/gcc/pic32c/8.3.1/../../../../pic32c/lib/thumb/v7e-m+dp/hard\libpic32c.a(data_init.o)
 .xc_stack_usage.hdr
                0x0000000000000000        0xe c:/program files/microchip/xc32/v4.60/bin/bin/../../lib/gcc/pic32c/8.3.1/../../../../pic32c/lib/thumb/v7e-m+dp/hard\libpic32c.a(data_init.o)
 .text          0x0000000000000000        0x0 c:/program files/microchip/xc32/v4.60/bin/bin/../../lib/gcc/pic32c/8.3.1/../../../../pic32c/lib/thumb/v7e-m+dp/hard\libc-size-musl.a(memcpy.o)
 .data          0x0000000000000000        0x0 c:/program files/microchip/xc32/v4.60/bin/bin/../../lib/gcc/pic32c/8.3.1/../../../../pic32c/lib/thumb/v7e-m+dp/hard\libc-size-musl.a(memcpy.o)
 .bss           0x0000000000000000        0x0 c:/program files/microchip/xc32/v4.60/bin/bin/../../lib/gcc/pic32c/8.3.1/../../../../pic32c/lib/thumb/v7e-m+dp/hard\libc-size-musl.a(memcpy.o)
 .xc_stack_usage
                0x0000000000000000       0x14 c:/program files/microchip/xc32/v4.60/bin/bin/../../lib/gcc/pic32c/8.3.1/../../../../pic32c/lib/thumb/v7e-m+dp/hard\libc-size-musl.a(memcpy.o)
 .text.memcpy   0x0000000000000000       0x1c c:/program files/microchip/xc32/v4.60/bin/bin/../../lib/gcc/pic32c/8.3.1/../../../../pic32c/lib/thumb/v7e-m+dp/hard\libc-size-musl.a(memcpy.o)
 .xc_stack_usage.hdr
                0x0000000000000000        0xe c:/program files/microchip/xc32/v4.60/bin/bin/../../lib/gcc/pic32c/8.3.1/../../../../pic32c/lib/thumb/v7e-m+dp/hard\libc-size-musl.a(memcpy.o)
 .debug_info    0x0000000000000000       0xf3 c:/program files/microchip/xc32/v4.60/bin/bin/../../lib/gcc/pic32c/8.3.1/../../../../pic32c/lib/thumb/v7e-m+dp/hard\libc-size-musl.a(memcpy.o)
 .debug_abbrev  0x0000000000000000       0xbb c:/program files/microchip/xc32/v4.60/bin/bin/../../lib/gcc/pic32c/8.3.1/../../../../pic32c/lib/thumb/v7e-m+dp/hard\libc-size-musl.a(memcpy.o)
 .debug_loc     0x0000000000000000      0x10b c:/program files/microchip/xc32/v4.60/bin/bin/../../lib/gcc/pic32c/8.3.1/../../../../pic32c/lib/thumb/v7e-m+dp/hard\libc-size-musl.a(memcpy.o)
 .debug_aranges
                0x0000000000000000       0x20 c:/program files/microchip/xc32/v4.60/bin/bin/../../lib/gcc/pic32c/8.3.1/../../../../pic32c/lib/thumb/v7e-m+dp/hard\libc-size-musl.a(memcpy.o)
 .debug_ranges  0x0000000000000000       0x10 c:/program files/microchip/xc32/v4.60/bin/bin/../../lib/gcc/pic32c/8.3.1/../../../../pic32c/lib/thumb/v7e-m+dp/hard\libc-size-musl.a(memcpy.o)
 .debug_line    0x0000000000000000       0xf9 c:/program files/microchip/xc32/v4.60/bin/bin/../../lib/gcc/pic32c/8.3.1/../../../../pic32c/lib/thumb/v7e-m+dp/hard\libc-size-musl.a(memcpy.o)
 .debug_str     0x0000000000000000      0x235 c:/program files/microchip/xc32/v4.60/bin/bin/../../lib/gcc/pic32c/8.3.1/../../../../pic32c/lib/thumb/v7e-m+dp/hard\libc-size-musl.a(memcpy.o)
 .comment       0x0000000000000000       0x2c c:/program files/microchip/xc32/v4.60/bin/bin/../../lib/gcc/pic32c/8.3.1/../../../../pic32c/lib/thumb/v7e-m+dp/hard\libc-size-musl.a(memcpy.o)
 .note.GNU-stack
                0x0000000000000000        0x0 c:/program files/microchip/xc32/v4.60/bin/bin/../../lib/gcc/pic32c/8.3.1/../../../../pic32c/lib/thumb/v7e-m+dp/hard\libc-size-musl.a(memcpy.o)
 .debug_frame   0x0000000000000000       0x2c c:/program files/microchip/xc32/v4.60/bin/bin/../../lib/gcc/pic32c/8.3.1/../../../../pic32c/lib/thumb/v7e-m+dp/hard\libc-size-musl.a(memcpy.o)
 .ARM.attributes
                0x0000000000000000       0x34 c:/program files/microchip/xc32/v4.60/bin/bin/../../lib/gcc/pic32c/8.3.1/../../../../pic32c/lib/thumb/v7e-m+dp/hard\libc-size-musl.a(memcpy.o)
 .text          0x0000000000000000        0x0 c:/program files/microchip/xc32/v4.60/bin/bin/../../lib/gcc/pic32c/8.3.1/../../../../pic32c/lib/thumb/v7e-m+dp/hard\libc-musl.a(__libc_start_main.o)
 .data          0x0000000000000000        0x0 c:/program files/microchip/xc32/v4.60/bin/bin/../../lib/gcc/pic32c/8.3.1/../../../../pic32c/lib/thumb/v7e-m+dp/hard\libc-musl.a(__libc_start_main.o)
 .bss           0x0000000000000000        0x0 c:/program files/microchip/xc32/v4.60/bin/bin/../../lib/gcc/pic32c/8.3.1/../../../../pic32c/lib/thumb/v7e-m+dp/hard\libc-musl.a(__libc_start_main.o)
 .xc_stack_usage
                0x0000000000000000       0x34 c:/program files/microchip/xc32/v4.60/bin/bin/../../lib/gcc/pic32c/8.3.1/../../../../pic32c/lib/thumb/v7e-m+dp/hard\libc-musl.a(__libc_start_main.o)
 .xc_stack_usage.hdr
                0x0000000000000000        0xe c:/program files/microchip/xc32/v4.60/bin/bin/../../lib/gcc/pic32c/8.3.1/../../../../pic32c/lib/thumb/v7e-m+dp/hard\libc-musl.a(__libc_start_main.o)
 .text          0x0000000000000000        0x0 c:/program files/microchip/xc32/v4.60/bin/bin/../../lib/gcc/pic32c/8.3.1/../../../../pic32c/lib/thumb/v7e-m+dp/hard\libc-musl.a(libc.o)
 .data          0x0000000000000000        0x0 c:/program files/microchip/xc32/v4.60/bin/bin/../../lib/gcc/pic32c/8.3.1/../../../../pic32c/lib/thumb/v7e-m+dp/hard\libc-musl.a(libc.o)
 .xc_stack_usage.hdr
                0x0000000000000000        0xe c:/program files/microchip/xc32/v4.60/bin/bin/../../lib/gcc/pic32c/8.3.1/../../../../pic32c/lib/thumb/v7e-m+dp/hard\libc-musl.a(libc.o)
 .text          0x0000000000000000        0x0 c:/program files/microchip/xc32/v4.60/bin/bin/../../lib/gcc/pic32c/8.3.1/../../../../pic32c/lib/thumb/v7e-m+dp/hard\libc-musl.a(__environ.o)
 .data          0x0000000000000000        0x0 c:/program files/microchip/xc32/v4.60/bin/bin/../../lib/gcc/pic32c/8.3.1/../../../../pic32c/lib/thumb/v7e-m+dp/hard\libc-musl.a(__environ.o)
 .xc_stack_usage.hdr
                0x0000000000000000        0xe c:/program files/microchip/xc32/v4.60/bin/bin/../../lib/gcc/pic32c/8.3.1/../../../../pic32c/lib/thumb/v7e-m+dp/hard\libc-musl.a(__environ.o)
 .text          0x0000000000000000        0x0 c:/program files/microchip/xc32/v4.60/bin/bin/../../lib/gcc/pic32c/8.3.1/thumb/v7e-m+dp/hard/crtend.o
 .data          0x0000000000000000        0x0 c:/program files/microchip/xc32/v4.60/bin/bin/../../lib/gcc/pic32c/8.3.1/thumb/v7e-m+dp/hard/crtend.o
 .bss           0x0000000000000000        0x0 c:/program files/microchip/xc32/v4.60/bin/bin/../../lib/gcc/pic32c/8.3.1/thumb/v7e-m+dp/hard/crtend.o
 .eh_frame      0x0000000000000000        0x4 c:/program files/microchip/xc32/v4.60/bin/bin/../../lib/gcc/pic32c/8.3.1/thumb/v7e-m+dp/hard/crtend.o
 .xc_stack_usage.hdr
                0x0000000000000000        0xe c:/program files/microchip/xc32/v4.60/bin/bin/../../lib/gcc/pic32c/8.3.1/thumb/v7e-m+dp/hard/crtend.o
 .comment       0x0000000000000000       0x2c c:/program files/microchip/xc32/v4.60/bin/bin/../../lib/gcc/pic32c/8.3.1/thumb/v7e-m+dp/hard/crtend.o
 .ARM.attributes
                0x0000000000000000       0x30 c:/program files/microchip/xc32/v4.60/bin/bin/../../lib/gcc/pic32c/8.3.1/thumb/v7e-m+dp/hard/crtend.o
 .text          0x0000000000000000        0x0 c:/program files/microchip/xc32/v4.60/bin/bin/../../lib/gcc/pic32c/8.3.1/thumb/v7e-m+dp/hard/crtn.o
 .data          0x0000000000000000        0x0 c:/program files/microchip/xc32/v4.60/bin/bin/../../lib/gcc/pic32c/8.3.1/thumb/v7e-m+dp/hard/crtn.o
 .bss           0x0000000000000000        0x0 c:/program files/microchip/xc32/v4.60/bin/bin/../../lib/gcc/pic32c/8.3.1/thumb/v7e-m+dp/hard/crtn.o
 .xc_stack_usage.hdr
                0x0000000000000000        0xe c:/program files/microchip/xc32/v4.60/bin/bin/../../lib/gcc/pic32c/8.3.1/thumb/v7e-m+dp/hard/crtn.o
 .text          0x0000000000000000        0x0 c:/program files/microchip/xc32/v4.60/bin/bin/../../lib/gcc/pic32c/8.3.1/../../../../pic32c/lib/thumb/v7e-m+dp/hard\libpic32c.a(pic32_data_init_clear.o)
 .data          0x0000000000000000        0x0 c:/program files/microchip/xc32/v4.60/bin/bin/../../lib/gcc/pic32c/8.3.1/../../../../pic32c/lib/thumb/v7e-m+dp/hard\libpic32c.a(pic32_data_init_clear.o)
 .bss           0x0000000000000000        0x0 c:/program files/microchip/xc32/v4.60/bin/bin/../../lib/gcc/pic32c/8.3.1/../../../../pic32c/lib/thumb/v7e-m+dp/hard\libpic32c.a(pic32_data_init_clear.o)
 .xc_stack_usage
                0x0000000000000000       0x1b c:/program files/microchip/xc32/v4.60/bin/bin/../../lib/gcc/pic32c/8.3.1/../../../../pic32c/lib/thumb/v7e-m+dp/hard\libpic32c.a(pic32_data_init_clear.o)
 .xc_stack_usage.hdr
                0x0000000000000000        0xe c:/program files/microchip/xc32/v4.60/bin/bin/../../lib/gcc/pic32c/8.3.1/../../../../pic32c/lib/thumb/v7e-m+dp/hard\libpic32c.a(pic32_data_init_clear.o)
 .text          0x0000000000000000        0x0 c:/program files/microchip/xc32/v4.60/bin/bin/../../lib/gcc/pic32c/8.3.1/../../../../pic32c/lib/thumb/v7e-m+dp/hard\libpic32c.a(pic32_data_init_copy.o)
 .data          0x0000000000000000        0x0 c:/program files/microchip/xc32/v4.60/bin/bin/../../lib/gcc/pic32c/8.3.1/../../../../pic32c/lib/thumb/v7e-m+dp/hard\libpic32c.a(pic32_data_init_copy.o)
 .bss           0x0000000000000000        0x0 c:/program files/microchip/xc32/v4.60/bin/bin/../../lib/gcc/pic32c/8.3.1/../../../../pic32c/lib/thumb/v7e-m+dp/hard\libpic32c.a(pic32_data_init_copy.o)
 .xc_stack_usage
                0x0000000000000000       0x1a c:/program files/microchip/xc32/v4.60/bin/bin/../../lib/gcc/pic32c/8.3.1/../../../../pic32c/lib/thumb/v7e-m+dp/hard\libpic32c.a(pic32_data_init_copy.o)
 .xc_stack_usage.hdr
                0x0000000000000000        0xe c:/program files/microchip/xc32/v4.60/bin/bin/../../lib/gcc/pic32c/8.3.1/../../../../pic32c/lib/thumb/v7e-m+dp/hard\libpic32c.a(pic32_data_init_copy.o)

Memory Configuration

Name             Origin             Length             Attributes
rom              0x0000000000400000 0x0000000000200000 xrl
ram              0x0000000020400000 0x0000000000060000 xw !r
itcm             0x0000000000000000 0x0000000000000000 xw
dtcm             0x0000000020000000 0x0000000000000000 xw !r
*default*        0x0000000000000000 0xffffffffffffffff

Linker script and memory map

LOAD c:/program files/microchip/xc32/v4.60/bin/bin/../../lib/gcc/pic32c/8.3.1/thumb/v7e-m+dp/hard/crti.o
LOAD c:/program files/microchip/xc32/v4.60/bin/bin/../../lib/gcc/pic32c/8.3.1/thumb/v7e-m+dp/hard/crtbegin.o
LOAD build/default/production/_ext/60165520/plib_clk.o
LOAD build/default/production/_ext/60167248/plib_efc.o
LOAD build/default/production/_ext/1865468468/plib_nvic.o
LOAD build/default/production/_ext/60177924/plib_pio.o
LOAD build/default/production/_ext/298189674/plib_spi0_master.o
LOAD build/default/production/_ext/2001315827/plib_usart1.o
LOAD build/default/production/_ext/163028504/xc32_monitor.o
LOAD build/default/production/_ext/1171490990/exceptions.o
LOAD build/default/production/_ext/1171490990/startup_xc32.o
LOAD build/default/production/_ext/1171490990/interrupts.o
LOAD build/default/production/_ext/1171490990/libc_syscalls.o
LOAD build/default/production/_ext/1171490990/initialization.o
LOAD build/default/production/_ext/1360937237/main.o
LOAD build/default/production/_ext/659870106/print_fuction.o
                0x0000000000000001                __MPLAB_BUILD = 0x1
                0x0000000000600000                __rom_end = (ORIGIN (rom) + LENGTH (rom))
                0x0000000020460000                __ram_end = (ORIGIN (ram) + LENGTH (ram))

.vectors        0x0000000000400000      0x168
                0x0000000000400000                . = ALIGN (0x4)
                0x0000000000400000                _sfixed = .
 *(.vectors .vectors.* .vectors_default .vectors_default.*)
 .vectors.exception_table
                0x0000000000400000      0x168 build/default/production/_ext/1171490990/interrupts.o
                0x0000000000400000                exception_table
 *(.isr_vector)
 *(.reset*)
 *(.after_vectors)

.text           0x0000000000400168       0x20
                0x0000000000400168                . = ALIGN (0x4)
 *(.glue_7t)
 .glue_7t       0x0000000000400168        0x0 linker stubs
 *(.glue_7)
 .glue_7        0x0000000000400168        0x0 linker stubs
 *(.gnu.linkonce.r.*)
 *(.ARM.extab* .gnu.linkonce.armextab.*)
                0x0000000000400168                . = ALIGN (0x4)
 *(.init)
 .init          0x0000000000400168        0x4 c:/program files/microchip/xc32/v4.60/bin/bin/../../lib/gcc/pic32c/8.3.1/thumb/v7e-m+dp/hard/crti.o
                0x0000000000400168                _init
 .init          0x000000000040016c        0x8 c:/program files/microchip/xc32/v4.60/bin/bin/../../lib/gcc/pic32c/8.3.1/thumb/v7e-m+dp/hard/crtn.o
                0x0000000000400174                . = ALIGN (0x4)
                0x0000000000400174                __preinit_array_start = .
 *(.preinit_array)
                0x0000000000400174                __preinit_array_end = .
                0x0000000000400174                . = ALIGN (0x4)
                0x0000000000400174                __init_array_start = .
 *(SORT_BY_NAME(.init_array.*))
 *(.init_array)
 .init_array    0x0000000000400174        0x4 c:/program files/microchip/xc32/v4.60/bin/bin/../../lib/gcc/pic32c/8.3.1/thumb/v7e-m+dp/hard/crtbegin.o
                0x0000000000400178                __init_array_end = .
                0x0000000000400178                . = ALIGN (0x4)
 *crtbegin.o(.ctors)
 *(EXCLUDE_FILE(*crtend.o) .ctors)
 *(SORT_BY_NAME(.ctors.*))
 *crtend.o(.ctors)
                0x0000000000400178                . = ALIGN (0x4)
 *(.fini)
 .fini          0x0000000000400178        0x4 c:/program files/microchip/xc32/v4.60/bin/bin/../../lib/gcc/pic32c/8.3.1/thumb/v7e-m+dp/hard/crti.o
                0x0000000000400178                _fini
 .fini          0x000000000040017c        0x8 c:/program files/microchip/xc32/v4.60/bin/bin/../../lib/gcc/pic32c/8.3.1/thumb/v7e-m+dp/hard/crtn.o
                0x0000000000400184                . = ALIGN (0x4)
                0x0000000000400184                __fini_array_start = .
 *(.fini_array)
 .fini_array    0x0000000000400184        0x4 c:/program files/microchip/xc32/v4.60/bin/bin/../../lib/gcc/pic32c/8.3.1/thumb/v7e-m+dp/hard/crtbegin.o
 *(SORT_BY_NAME(.fini_array.*))
                0x0000000000400188                __fini_array_end = .
 *crtbegin.o(.dtors)
 *(EXCLUDE_FILE(*crtend.o) .dtors)
 *(SORT_BY_NAME(.dtors.*))
 *crtend.o(.dtors)
                0x0000000000400188                . = ALIGN (0x4)
                0x0000000000400188                _efixed = .
                [!provide]                        PROVIDE (__exidx_start = .)

.ARM.exidx
 *(.ARM.exidx* .gnu.linkonce.armexidx.*)
                [!provide]                        PROVIDE (__exidx_end = .)
                0x0000000000400188                . = ALIGN (0x4)
                0x0000000000400188                _etext = .

.bss            0x0000000020400000        0x0
                0x0000000020400000                . = ALIGN (0x4)
                0x0000000020400000                __bss_start__ = .
                0x0000000020400000                _sbss = .
                0x0000000020400000                _szero = .
 *(COMMON)
                0x0000000020400000                . = ALIGN (0x4)
                0x0000000020400000                __bss_end__ = .
                0x0000000020400000                _ebss = .
                0x0000000020400000                _ezero = .
                0x0000000020400000                . = ALIGN (0x4)
                0x0000000020400000                _end = .
                0x000000002045ffff                _ram_end_ = ((ORIGIN (ram) + LENGTH (ram)) - 0x1)
                0x0000000000000200                _min_heap_size = 0x200
START GROUP
LOAD c:/program files/microchip/xc32/v4.60/bin/bin/../../lib/gcc/pic32c/8.3.1/../../../../pic32c/lib/thumb/v7e-m+dp/hard\libpic32c.a
LOAD c:/program files/microchip/xc32/v4.60/bin/bin/../../lib/gcc/pic32c/8.3.1/../../../../pic32c/lib/thumb/v7e-m+dp/hard\libc-size-musl.a
LOAD c:/program files/microchip/xc32/v4.60/bin/bin/../../lib/gcc/pic32c/8.3.1/../../../../pic32c/lib/thumb/v7e-m+dp/hard\liblmalloc-musl.a
LOAD c:/program files/microchip/xc32/v4.60/bin/bin/../../lib/gcc/pic32c/8.3.1/../../../../pic32c/lib/thumb/v7e-m+dp/hard\libm-fast-emfloat.a
LOAD c:/program files/microchip/xc32/v4.60/bin/bin/../../lib/gcc/pic32c/8.3.1/../../../../pic32c/lib/thumb/v7e-m+dp/hard\libm-musl.a
LOAD c:/program files/microchip/xc32/v4.60/bin/bin/../../lib/gcc/pic32c/8.3.1/../../../../pic32c/lib/thumb/v7e-m+dp/hard\libc-musl.a
LOAD c:/program files/microchip/xc32/v4.60/bin/bin/../../lib/gcc/pic32c/8.3.1/../../../../pic32c/lib/thumb/v7e-m+dp/hard\libm-fast-emfloat.a
LOAD c:/program files/microchip/xc32/v4.60/bin/bin/../../lib/gcc/pic32c/8.3.1/../../../../pic32c/lib/thumb/v7e-m+dp/hard\libm-musl.a
LOAD c:/program files/microchip/xc32/v4.60/bin/bin/../../lib/gcc/pic32c/8.3.1/thumb/v7e-m+dp/hard\libgcc.a
END GROUP
LOAD c:/program files/microchip/xc32/v4.60/bin/bin/../../lib/gcc/pic32c/8.3.1/thumb/v7e-m+dp/hard/crtend.o
LOAD c:/program files/microchip/xc32/v4.60/bin/bin/../../lib/gcc/pic32c/8.3.1/thumb/v7e-m+dp/hard/crtn.o
OUTPUT(dist/default/production/USART.production.elf elf32-littlearm)
LOAD data_init
LOAD stack

.ARM.attributes
                0x0000000000000000       0x32
 .ARM.attributes
                0x0000000000000000       0x1e c:/program files/microchip/xc32/v4.60/bin/bin/../../lib/gcc/pic32c/8.3.1/thumb/v7e-m+dp/hard/crti.o
 .ARM.attributes
                0x000000000000001e       0x32 c:/program files/microchip/xc32/v4.60/bin/bin/../../lib/gcc/pic32c/8.3.1/thumb/v7e-m+dp/hard/crtbegin.o
 .ARM.attributes
                0x0000000000000050       0x32 build/default/production/_ext/60165520/plib_clk.o
 .ARM.attributes
                0x0000000000000082       0x32 build/default/production/_ext/60167248/plib_efc.o
 .ARM.attributes
                0x00000000000000b4       0x32 build/default/production/_ext/1865468468/plib_nvic.o
 .ARM.attributes
                0x00000000000000e6       0x32 build/default/production/_ext/60177924/plib_pio.o
 .ARM.attributes
                0x0000000000000118       0x32 build/default/production/_ext/298189674/plib_spi0_master.o
 .ARM.attributes
                0x000000000000014a       0x32 build/default/production/_ext/2001315827/plib_usart1.o
 .ARM.attributes
                0x000000000000017c       0x32 build/default/production/_ext/1171490990/exceptions.o
 .ARM.attributes
                0x00000000000001ae       0x32 build/default/production/_ext/1171490990/startup_xc32.o
 .ARM.attributes
                0x00000000000001e0       0x32 build/default/production/_ext/1171490990/interrupts.o
 .ARM.attributes
                0x0000000000000212       0x32 build/default/production/_ext/1171490990/initialization.o
 .ARM.attributes
                0x0000000000000244       0x32 build/default/production/_ext/1360937237/main.o
 .ARM.attributes
                0x0000000000000276       0x32 c:/program files/microchip/xc32/v4.60/bin/bin/../../lib/gcc/pic32c/8.3.1/../../../../pic32c/lib/thumb/v7e-m+dp/hard\libpic32c.a(data_init.o)
 .ARM.attributes
                0x00000000000002a8       0x34 c:/program files/microchip/xc32/v4.60/bin/bin/../../lib/gcc/pic32c/8.3.1/../../../../pic32c/lib/thumb/v7e-m+dp/hard\libc-musl.a(__libc_start_main.o)
 .ARM.attributes
                0x00000000000002dc       0x32 c:/program files/microchip/xc32/v4.60/bin/bin/../../lib/gcc/pic32c/8.3.1/../../../../pic32c/lib/thumb/v7e-m+dp/hard\libc-musl.a(libc.o)
 .ARM.attributes
                0x000000000000030e       0x32 c:/program files/microchip/xc32/v4.60/bin/bin/../../lib/gcc/pic32c/8.3.1/../../../../pic32c/lib/thumb/v7e-m+dp/hard\libc-musl.a(__environ.o)
 .ARM.attributes
                0x0000000000000340       0x1e c:/program files/microchip/xc32/v4.60/bin/bin/../../lib/gcc/pic32c/8.3.1/thumb/v7e-m+dp/hard/crtn.o
 .ARM.attributes
                0x000000000000035e       0x32 c:/program files/microchip/xc32/v4.60/bin/bin/../../lib/gcc/pic32c/8.3.1/../../../../pic32c/lib/thumb/v7e-m+dp/hard\libpic32c.a(pic32_data_init_clear.o)
 .ARM.attributes
                0x0000000000000390       0x32 c:/program files/microchip/xc32/v4.60/bin/bin/../../lib/gcc/pic32c/8.3.1/../../../../pic32c/lib/thumb/v7e-m+dp/hard\libpic32c.a(pic32_data_init_copy.o)

.comment        0x0000000000000000       0x2b
 .comment       0x0000000000000000       0x2b c:/program files/microchip/xc32/v4.60/bin/bin/../../lib/gcc/pic32c/8.3.1/thumb/v7e-m+dp/hard/crtbegin.o
                                         0x2c (size before relaxing)
 .comment       0x000000000000002b       0x2c build/default/production/_ext/60165520/plib_clk.o
 .comment       0x000000000000002b       0x2c build/default/production/_ext/60167248/plib_efc.o
 .comment       0x000000000000002b       0x2c build/default/production/_ext/1865468468/plib_nvic.o
 .comment       0x000000000000002b       0x2c build/default/production/_ext/60177924/plib_pio.o
 .comment       0x000000000000002b       0x2c build/default/production/_ext/298189674/plib_spi0_master.o
 .comment       0x000000000000002b       0x2c build/default/production/_ext/2001315827/plib_usart1.o
 .comment       0x000000000000002b       0x2c build/default/production/_ext/1171490990/exceptions.o
 .comment       0x000000000000002b       0x2c build/default/production/_ext/1171490990/startup_xc32.o
 .comment       0x000000000000002b       0x2c build/default/production/_ext/1171490990/interrupts.o
 .comment       0x000000000000002b       0x2c build/default/production/_ext/1171490990/initialization.o
 .comment       0x000000000000002b       0x2c build/default/production/_ext/1360937237/main.o
 .comment       0x000000000000002b       0x2c c:/program files/microchip/xc32/v4.60/bin/bin/../../lib/gcc/pic32c/8.3.1/../../../../pic32c/lib/thumb/v7e-m+dp/hard\libpic32c.a(data_init.o)
 .comment       0x000000000000002b       0x2c c:/program files/microchip/xc32/v4.60/bin/bin/../../lib/gcc/pic32c/8.3.1/../../../../pic32c/lib/thumb/v7e-m+dp/hard\libc-musl.a(__libc_start_main.o)
 .comment       0x000000000000002b       0x2c c:/program files/microchip/xc32/v4.60/bin/bin/../../lib/gcc/pic32c/8.3.1/../../../../pic32c/lib/thumb/v7e-m+dp/hard\libc-musl.a(libc.o)
 .comment       0x000000000000002b       0x2c c:/program files/microchip/xc32/v4.60/bin/bin/../../lib/gcc/pic32c/8.3.1/../../../../pic32c/lib/thumb/v7e-m+dp/hard\libc-musl.a(__environ.o)
 .comment       0x000000000000002b       0x2c c:/program files/microchip/xc32/v4.60/bin/bin/../../lib/gcc/pic32c/8.3.1/../../../../pic32c/lib/thumb/v7e-m+dp/hard\libpic32c.a(pic32_data_init_clear.o)
 .comment       0x000000000000002b       0x2c c:/program files/microchip/xc32/v4.60/bin/bin/../../lib/gcc/pic32c/8.3.1/../../../../pic32c/lib/thumb/v7e-m+dp/hard\libpic32c.a(pic32_data_init_copy.o)

.debug_info     0x0000000000000000     0x56ff
 .debug_info    0x0000000000000000      0x483 build/default/production/_ext/60165520/plib_clk.o
 .debug_info    0x0000000000000483      0xcd5 build/default/production/_ext/60167248/plib_efc.o
 .debug_info    0x0000000000001158      0xcde build/default/production/_ext/1865468468/plib_nvic.o
 .debug_info    0x0000000000001e36      0x9ef build/default/production/_ext/60177924/plib_pio.o
 .debug_info    0x0000000000002825      0x74b build/default/production/_ext/298189674/plib_spi0_master.o
 .debug_info    0x0000000000002f70      0xaf2 build/default/production/_ext/2001315827/plib_usart1.o
 .debug_info    0x0000000000003a62      0x116 build/default/production/_ext/1171490990/exceptions.o
 .debug_info    0x0000000000003b78      0x9a4 build/default/production/_ext/1171490990/startup_xc32.o
 .debug_info    0x000000000000451c      0x693 build/default/production/_ext/1171490990/interrupts.o
 .debug_info    0x0000000000004baf      0x1e5 build/default/production/_ext/1171490990/initialization.o
 .debug_info    0x0000000000004d94      0x27c build/default/production/_ext/1360937237/main.o
 .debug_info    0x0000000000005010       0x68 c:/program files/microchip/xc32/v4.60/bin/bin/../../lib/gcc/pic32c/8.3.1/../../../../pic32c/lib/thumb/v7e-m+dp/hard\libpic32c.a(data_init.o)
 .debug_info    0x0000000000005078      0x2fb c:/program files/microchip/xc32/v4.60/bin/bin/../../lib/gcc/pic32c/8.3.1/../../../../pic32c/lib/thumb/v7e-m+dp/hard\libc-musl.a(__libc_start_main.o)
 .debug_info    0x0000000000005373      0x276 c:/program files/microchip/xc32/v4.60/bin/bin/../../lib/gcc/pic32c/8.3.1/../../../../pic32c/lib/thumb/v7e-m+dp/hard\libc-musl.a(libc.o)
 .debug_info    0x00000000000055e9       0x97 c:/program files/microchip/xc32/v4.60/bin/bin/../../lib/gcc/pic32c/8.3.1/../../../../pic32c/lib/thumb/v7e-m+dp/hard\libc-musl.a(__environ.o)
 .debug_info    0x0000000000005680       0x3f c:/program files/microchip/xc32/v4.60/bin/bin/../../lib/gcc/pic32c/8.3.1/../../../../pic32c/lib/thumb/v7e-m+dp/hard\libpic32c.a(pic32_data_init_clear.o)
 .debug_info    0x00000000000056bf       0x40 c:/program files/microchip/xc32/v4.60/bin/bin/../../lib/gcc/pic32c/8.3.1/../../../../pic32c/lib/thumb/v7e-m+dp/hard\libpic32c.a(pic32_data_init_copy.o)

.debug_abbrev   0x0000000000000000     0x146b
 .debug_abbrev  0x0000000000000000       0xcd build/default/production/_ext/60165520/plib_clk.o
 .debug_abbrev  0x00000000000000cd      0x292 build/default/production/_ext/60167248/plib_efc.o
 .debug_abbrev  0x000000000000035f      0x26e build/default/production/_ext/1865468468/plib_nvic.o
 .debug_abbrev  0x00000000000005cd      0x153 build/default/production/_ext/60177924/plib_pio.o
 .debug_abbrev  0x0000000000000720      0x247 build/default/production/_ext/298189674/plib_spi0_master.o
 .debug_abbrev  0x0000000000000967      0x283 build/default/production/_ext/2001315827/plib_usart1.o
 .debug_abbrev  0x0000000000000bea       0x49 build/default/production/_ext/1171490990/exceptions.o
 .debug_abbrev  0x0000000000000c33      0x241 build/default/production/_ext/1171490990/startup_xc32.o
 .debug_abbrev  0x0000000000000e74       0xc0 build/default/production/_ext/1171490990/interrupts.o
 .debug_abbrev  0x0000000000000f34       0xce build/default/production/_ext/1171490990/initialization.o
 .debug_abbrev  0x0000000000001002      0x160 build/default/production/_ext/1360937237/main.o
 .debug_abbrev  0x0000000000001162       0x44 c:/program files/microchip/xc32/v4.60/bin/bin/../../lib/gcc/pic32c/8.3.1/../../../../pic32c/lib/thumb/v7e-m+dp/hard\libpic32c.a(data_init.o)
 .debug_abbrev  0x00000000000011a6      0x133 c:/program files/microchip/xc32/v4.60/bin/bin/../../lib/gcc/pic32c/8.3.1/../../../../pic32c/lib/thumb/v7e-m+dp/hard\libc-musl.a(__libc_start_main.o)
 .debug_abbrev  0x00000000000012d9       0xd4 c:/program files/microchip/xc32/v4.60/bin/bin/../../lib/gcc/pic32c/8.3.1/../../../../pic32c/lib/thumb/v7e-m+dp/hard\libc-musl.a(libc.o)
 .debug_abbrev  0x00000000000013ad       0x62 c:/program files/microchip/xc32/v4.60/bin/bin/../../lib/gcc/pic32c/8.3.1/../../../../pic32c/lib/thumb/v7e-m+dp/hard\libc-musl.a(__environ.o)
 .debug_abbrev  0x000000000000140f       0x2e c:/program files/microchip/xc32/v4.60/bin/bin/../../lib/gcc/pic32c/8.3.1/../../../../pic32c/lib/thumb/v7e-m+dp/hard\libpic32c.a(pic32_data_init_clear.o)
 .debug_abbrev  0x000000000000143d       0x2e c:/program files/microchip/xc32/v4.60/bin/bin/../../lib/gcc/pic32c/8.3.1/../../../../pic32c/lib/thumb/v7e-m+dp/hard\libpic32c.a(pic32_data_init_copy.o)

.debug_aranges  0x0000000000000000      0x3d0
 .debug_aranges
                0x0000000000000000       0x20 build/default/production/_ext/60165520/plib_clk.o
 .debug_aranges
                0x0000000000000020       0x70 build/default/production/_ext/60167248/plib_efc.o
 .debug_aranges
                0x0000000000000090       0x48 build/default/production/_ext/1865468468/plib_nvic.o
 .debug_aranges
                0x00000000000000d8       0x60 build/default/production/_ext/60177924/plib_pio.o
 .debug_aranges
                0x0000000000000138       0x60 build/default/production/_ext/298189674/plib_spi0_master.o
 .debug_aranges
                0x0000000000000198       0xa0 build/default/production/_ext/2001315827/plib_usart1.o
 .debug_aranges
                0x0000000000000238       0x48 build/default/production/_ext/1171490990/exceptions.o
 .debug_aranges
                0x0000000000000280       0x28 build/default/production/_ext/1171490990/startup_xc32.o
 .debug_aranges
                0x00000000000002a8       0x20 build/default/production/_ext/1171490990/interrupts.o
 .debug_aranges
                0x00000000000002c8       0x20 build/default/production/_ext/1171490990/initialization.o
 .debug_aranges
                0x00000000000002e8       0x20 build/default/production/_ext/1360937237/main.o
 .debug_aranges
                0x0000000000000308       0x30 c:/program files/microchip/xc32/v4.60/bin/bin/../../lib/gcc/pic32c/8.3.1/../../../../pic32c/lib/thumb/v7e-m+dp/hard\libpic32c.a(data_init.o)
 .debug_aranges
                0x0000000000000338       0x28 c:/program files/microchip/xc32/v4.60/bin/bin/../../lib/gcc/pic32c/8.3.1/../../../../pic32c/lib/thumb/v7e-m+dp/hard\libc-musl.a(__libc_start_main.o)
 .debug_aranges
                0x0000000000000360       0x18 c:/program files/microchip/xc32/v4.60/bin/bin/../../lib/gcc/pic32c/8.3.1/../../../../pic32c/lib/thumb/v7e-m+dp/hard\libc-musl.a(libc.o)
 .debug_aranges
                0x0000000000000378       0x18 c:/program files/microchip/xc32/v4.60/bin/bin/../../lib/gcc/pic32c/8.3.1/../../../../pic32c/lib/thumb/v7e-m+dp/hard\libc-musl.a(__environ.o)
 .debug_aranges
                0x0000000000000390       0x20 c:/program files/microchip/xc32/v4.60/bin/bin/../../lib/gcc/pic32c/8.3.1/../../../../pic32c/lib/thumb/v7e-m+dp/hard\libpic32c.a(pic32_data_init_clear.o)
 .debug_aranges
                0x00000000000003b0       0x20 c:/program files/microchip/xc32/v4.60/bin/bin/../../lib/gcc/pic32c/8.3.1/../../../../pic32c/lib/thumb/v7e-m+dp/hard\libpic32c.a(pic32_data_init_copy.o)

.debug_ranges   0x0000000000000000      0x368
 .debug_ranges  0x0000000000000000       0x10 build/default/production/_ext/60165520/plib_clk.o
 .debug_ranges  0x0000000000000010       0x90 build/default/production/_ext/60167248/plib_efc.o
 .debug_ranges  0x00000000000000a0       0x50 build/default/production/_ext/1865468468/plib_nvic.o
 .debug_ranges  0x00000000000000f0       0x50 build/default/production/_ext/60177924/plib_pio.o
 .debug_ranges  0x0000000000000140       0x80 build/default/production/_ext/298189674/plib_spi0_master.o
 .debug_ranges  0x00000000000001c0       0x90 build/default/production/_ext/2001315827/plib_usart1.o
 .debug_ranges  0x0000000000000250       0x38 build/default/production/_ext/1171490990/exceptions.o
 .debug_ranges  0x0000000000000288       0x18 build/default/production/_ext/1171490990/startup_xc32.o
 .debug_ranges  0x00000000000002a0       0x10 build/default/production/_ext/1171490990/interrupts.o
 .debug_ranges  0x00000000000002b0       0x10 build/default/production/_ext/1171490990/initialization.o
 .debug_ranges  0x00000000000002c0       0x28 build/default/production/_ext/1360937237/main.o
 .debug_ranges  0x00000000000002e8       0x20 c:/program files/microchip/xc32/v4.60/bin/bin/../../lib/gcc/pic32c/8.3.1/../../../../pic32c/lib/thumb/v7e-m+dp/hard\libpic32c.a(data_init.o)
 .debug_ranges  0x0000000000000308       0x40 c:/program files/microchip/xc32/v4.60/bin/bin/../../lib/gcc/pic32c/8.3.1/../../../../pic32c/lib/thumb/v7e-m+dp/hard\libc-musl.a(__libc_start_main.o)
 .debug_ranges  0x0000000000000348       0x10 c:/program files/microchip/xc32/v4.60/bin/bin/../../lib/gcc/pic32c/8.3.1/../../../../pic32c/lib/thumb/v7e-m+dp/hard\libpic32c.a(pic32_data_init_clear.o)
 .debug_ranges  0x0000000000000358       0x10 c:/program files/microchip/xc32/v4.60/bin/bin/../../lib/gcc/pic32c/8.3.1/../../../../pic32c/lib/thumb/v7e-m+dp/hard\libpic32c.a(pic32_data_init_copy.o)

.debug_line     0x0000000000000000     0x2b71
 .debug_line    0x0000000000000000      0x17b build/default/production/_ext/60165520/plib_clk.o
 .debug_line    0x000000000000017b      0x62c build/default/production/_ext/60167248/plib_efc.o
 .debug_line    0x00000000000007a7      0x417 build/default/production/_ext/1865468468/plib_nvic.o
 .debug_line    0x0000000000000bbe      0x393 build/default/production/_ext/60177924/plib_pio.o
 .debug_line    0x0000000000000f51      0x633 build/default/production/_ext/298189674/plib_spi0_master.o
 .debug_line    0x0000000000001584      0x73b build/default/production/_ext/2001315827/plib_usart1.o
 .debug_line    0x0000000000001cbf       0xc7 build/default/production/_ext/1171490990/exceptions.o
 .debug_line    0x0000000000001d86      0x453 build/default/production/_ext/1171490990/startup_xc32.o
 .debug_line    0x00000000000021d9       0xba build/default/production/_ext/1171490990/interrupts.o
 .debug_line    0x0000000000002293      0x251 build/default/production/_ext/1171490990/initialization.o
 .debug_line    0x00000000000024e4      0x183 build/default/production/_ext/1360937237/main.o
 .debug_line    0x0000000000002667       0xa7 c:/program files/microchip/xc32/v4.60/bin/bin/../../lib/gcc/pic32c/8.3.1/../../../../pic32c/lib/thumb/v7e-m+dp/hard\libpic32c.a(data_init.o)
 .debug_line    0x000000000000270e      0x1c7 c:/program files/microchip/xc32/v4.60/bin/bin/../../lib/gcc/pic32c/8.3.1/../../../../pic32c/lib/thumb/v7e-m+dp/hard\libc-musl.a(__libc_start_main.o)
 .debug_line    0x00000000000028d5       0xb5 c:/program files/microchip/xc32/v4.60/bin/bin/../../lib/gcc/pic32c/8.3.1/../../../../pic32c/lib/thumb/v7e-m+dp/hard\libc-musl.a(libc.o)
 .debug_line    0x000000000000298a       0xfb c:/program files/microchip/xc32/v4.60/bin/bin/../../lib/gcc/pic32c/8.3.1/../../../../pic32c/lib/thumb/v7e-m+dp/hard\libc-musl.a(__environ.o)
 .debug_line    0x0000000000002a85       0x72 c:/program files/microchip/xc32/v4.60/bin/bin/../../lib/gcc/pic32c/8.3.1/../../../../pic32c/lib/thumb/v7e-m+dp/hard\libpic32c.a(pic32_data_init_clear.o)
 .debug_line    0x0000000000002af7       0x7a c:/program files/microchip/xc32/v4.60/bin/bin/../../lib/gcc/pic32c/8.3.1/../../../../pic32c/lib/thumb/v7e-m+dp/hard\libpic32c.a(pic32_data_init_copy.o)

.debug_str      0x0000000000000000     0x512b
 .debug_str     0x0000000000000000      0x4c6 build/default/production/_ext/60165520/plib_clk.o
 .debug_str     0x00000000000004c6      0x5cc build/default/production/_ext/60167248/plib_efc.o
 .debug_str     0x0000000000000a92      0x983 build/default/production/_ext/1865468468/plib_nvic.o
 .debug_str     0x0000000000001415      0x6b5 build/default/production/_ext/60177924/plib_pio.o
 .debug_str     0x0000000000001aca      0x6cd build/default/production/_ext/298189674/plib_spi0_master.o
 .debug_str     0x0000000000002197      0x838 build/default/production/_ext/2001315827/plib_usart1.o
 .debug_str     0x00000000000029cf      0x317 build/default/production/_ext/1171490990/exceptions.o
 .debug_str     0x0000000000002ce6      0x580 build/default/production/_ext/1171490990/startup_xc32.o
 .debug_str     0x0000000000003266      0x909 build/default/production/_ext/1171490990/interrupts.o
 .debug_str     0x0000000000003b6f      0x370 build/default/production/_ext/1171490990/initialization.o
 .debug_str     0x0000000000003edf      0x314 build/default/production/_ext/1360937237/main.o
 .debug_str     0x00000000000041f3      0x20c c:/program files/microchip/xc32/v4.60/bin/bin/../../lib/gcc/pic32c/8.3.1/../../../../pic32c/lib/thumb/v7e-m+dp/hard\libpic32c.a(data_init.o)
 .debug_str     0x00000000000043ff      0x3da c:/program files/microchip/xc32/v4.60/bin/bin/../../lib/gcc/pic32c/8.3.1/../../../../pic32c/lib/thumb/v7e-m+dp/hard\libc-musl.a(__libc_start_main.o)
 .debug_str     0x00000000000047d9      0x345 c:/program files/microchip/xc32/v4.60/bin/bin/../../lib/gcc/pic32c/8.3.1/../../../../pic32c/lib/thumb/v7e-m+dp/hard\libc-musl.a(libc.o)
 .debug_str     0x0000000000004b1e      0x245 c:/program files/microchip/xc32/v4.60/bin/bin/../../lib/gcc/pic32c/8.3.1/../../../../pic32c/lib/thumb/v7e-m+dp/hard\libc-musl.a(__environ.o)
 .debug_str     0x0000000000004d63      0x1e5 c:/program files/microchip/xc32/v4.60/bin/bin/../../lib/gcc/pic32c/8.3.1/../../../../pic32c/lib/thumb/v7e-m+dp/hard\libpic32c.a(pic32_data_init_clear.o)
 .debug_str     0x0000000000004f48      0x1e3 c:/program files/microchip/xc32/v4.60/bin/bin/../../lib/gcc/pic32c/8.3.1/../../../../pic32c/lib/thumb/v7e-m+dp/hard\libpic32c.a(pic32_data_init_copy.o)

.debug_frame    0x0000000000000000      0x680
 .debug_frame   0x0000000000000000       0x20 build/default/production/_ext/60165520/plib_clk.o
 .debug_frame   0x0000000000000020       0xec build/default/production/_ext/60167248/plib_efc.o
 .debug_frame   0x000000000000010c       0x7c build/default/production/_ext/1865468468/plib_nvic.o
 .debug_frame   0x0000000000000188       0xa0 build/default/production/_ext/60177924/plib_pio.o
 .debug_frame   0x0000000000000228       0xe4 build/default/production/_ext/298189674/plib_spi0_master.o
 .debug_frame   0x000000000000030c      0x18c build/default/production/_ext/2001315827/plib_usart1.o
 .debug_frame   0x0000000000000498       0x70 build/default/production/_ext/1171490990/exceptions.o
 .debug_frame   0x0000000000000508       0x38 build/default/production/_ext/1171490990/startup_xc32.o
 .debug_frame   0x0000000000000540       0x20 build/default/production/_ext/1171490990/interrupts.o
 .debug_frame   0x0000000000000560       0x28 build/default/production/_ext/1171490990/initialization.o
 .debug_frame   0x0000000000000588       0x28 build/default/production/_ext/1360937237/main.o
 .debug_frame   0x00000000000005b0       0x4c c:/program files/microchip/xc32/v4.60/bin/bin/../../lib/gcc/pic32c/8.3.1/../../../../pic32c/lib/thumb/v7e-m+dp/hard\libpic32c.a(data_init.o)
 .debug_frame   0x00000000000005fc       0x3c c:/program files/microchip/xc32/v4.60/bin/bin/../../lib/gcc/pic32c/8.3.1/../../../../pic32c/lib/thumb/v7e-m+dp/hard\libc-musl.a(__libc_start_main.o)
 .debug_frame   0x0000000000000638       0x20 c:/program files/microchip/xc32/v4.60/bin/bin/../../lib/gcc/pic32c/8.3.1/../../../../pic32c/lib/thumb/v7e-m+dp/hard\libpic32c.a(pic32_data_init_clear.o)
 .debug_frame   0x0000000000000658       0x28 c:/program files/microchip/xc32/v4.60/bin/bin/../../lib/gcc/pic32c/8.3.1/../../../../pic32c/lib/thumb/v7e-m+dp/hard\libpic32c.a(pic32_data_init_copy.o)

.debug_loc      0x0000000000000000     0x1995
 .debug_loc     0x0000000000000000      0x6fe build/default/production/_ext/60167248/plib_efc.o
 .debug_loc     0x00000000000006fe      0x1df build/default/production/_ext/1865468468/plib_nvic.o
 .debug_loc     0x00000000000008dd       0x94 build/default/production/_ext/60177924/plib_pio.o
 .debug_loc     0x0000000000000971      0x5f1 build/default/production/_ext/298189674/plib_spi0_master.o
 .debug_loc     0x0000000000000f62      0x87d build/default/production/_ext/2001315827/plib_usart1.o
 .debug_loc     0x00000000000017df       0xa7 build/default/production/_ext/1171490990/startup_xc32.o
 .debug_loc     0x0000000000001886       0x45 build/default/production/_ext/1171490990/initialization.o
 .debug_loc     0x00000000000018cb       0x51 build/default/production/_ext/1360937237/main.o
 .debug_loc     0x000000000000191c       0x14 c:/program files/microchip/xc32/v4.60/bin/bin/../../lib/gcc/pic32c/8.3.1/../../../../pic32c/lib/thumb/v7e-m+dp/hard\libpic32c.a(data_init.o)
 .debug_loc     0x0000000000001930       0x51 c:/program files/microchip/xc32/v4.60/bin/bin/../../lib/gcc/pic32c/8.3.1/../../../../pic32c/lib/thumb/v7e-m+dp/hard\libc-musl.a(__libc_start_main.o)
 .debug_loc     0x0000000000001981       0x14 c:/program files/microchip/xc32/v4.60/bin/bin/../../lib/gcc/pic32c/8.3.1/../../../../pic32c/lib/thumb/v7e-m+dp/hard\libpic32c.a(pic32_data_init_copy.o)

.note.GNU-stack
                0x0000000000000000        0x0
 .note.GNU-stack
                0x0000000000000000        0x0 c:/program files/microchip/xc32/v4.60/bin/bin/../../lib/gcc/pic32c/8.3.1/../../../../pic32c/lib/thumb/v7e-m+dp/hard\libc-musl.a(__libc_start_main.o)
 .note.GNU-stack
                0x0000000000000000        0x0 c:/program files/microchip/xc32/v4.60/bin/bin/../../lib/gcc/pic32c/8.3.1/../../../../pic32c/lib/thumb/v7e-m+dp/hard\libc-musl.a(libc.o)
 .note.GNU-stack
                0x0000000000000000        0x0 c:/program files/microchip/xc32/v4.60/bin/bin/../../lib/gcc/pic32c/8.3.1/../../../../pic32c/lib/thumb/v7e-m+dp/hard\libc-musl.a(__environ.o)

.stack          0x00000000204012f8      0x100
 .stack         0x00000000204012f8      0x100 stack

.bss.rxBuf%1    0x0000000020400000     0x1000
 .bss.rxBuf     0x0000000020400000     0x1000 build/default/production/_ext/1360937237/main.o

.bss%2          0x0000000020401000       0x50
 .bss           0x0000000020401000       0x50 c:/program files/microchip/xc32/v4.60/bin/bin/../../lib/gcc/pic32c/8.3.1/../../../../pic32c/lib/thumb/v7e-m+dp/hard\libc-musl.a(libc.o)
                0x0000000020401000                __progname_full
                0x0000000020401000                program_invocation_name
                0x0000000020401004                program_invocation_short_name
                0x0000000020401004                __progname
                0x0000000020401008                __sysinfo
                0x000000002040100c                __hwcap
                0x0000000020401010                __libc

.bss.usart1Obj%3
                0x0000000020401050       0x34
 .bss.usart1Obj
                0x0000000020401050       0x34 build/default/production/_ext/2001315827/plib_usart1.o

.bss.spi0Obj%4  0x0000000020401084       0x2c
 .bss.spi0Obj   0x0000000020401084       0x2c build/default/production/_ext/298189674/plib_spi0_master.o

.bss%5          0x00000000204010b0       0x1c
 .bss           0x00000000204010b0       0x1c c:/program files/microchip/xc32/v4.60/bin/bin/../../lib/gcc/pic32c/8.3.1/thumb/v7e-m+dp/hard/crtbegin.o

.bss.cmd.7827%6
                0x00000000204010cc        0x4
 .bss.cmd.7827  0x00000000204010cc        0x4 build/default/production/_ext/1171490990/startup_xc32.o

.bss%7          0x00000000204010d0        0x4
 .bss           0x00000000204010d0        0x4 c:/program files/microchip/xc32/v4.60/bin/bin/../../lib/gcc/pic32c/8.3.1/../../../../pic32c/lib/thumb/v7e-m+dp/hard\libpic32c.a(data_init.o)

.bss%8          0x00000000204010d4        0x4
 .bss           0x00000000204010d4        0x4 c:/program files/microchip/xc32/v4.60/bin/bin/../../lib/gcc/pic32c/8.3.1/../../../../pic32c/lib/thumb/v7e-m+dp/hard\libc-musl.a(__environ.o)
                0x00000000204010d4                __environ
                0x00000000204010d4                environ
                0x00000000204010d4                ___environ
                0x00000000204010d4                _environ

.bss.isLastByteTransferInProgress.7906%9
                0x00000000204010d8        0x1
 .bss.isLastByteTransferInProgress.7906
                0x00000000204010d8        0x1 build/default/production/_ext/298189674/plib_spi0_master.o

.eh_frame%z1    0x0000000000000000        0x0
 .eh_frame      0x0000000000000000        0x0 c:/program files/microchip/xc32/v4.60/bin/bin/../../lib/gcc/pic32c/8.3.1/thumb/v7e-m+dp/hard/crtbegin.o

.config_D0000000.__config_D0000000%10
                0x00000000d0000000        0x4
 .config_D0000000.__config_D0000000
                0x00000000d0000000        0x4 build/default/production/_ext/1171490990/initialization.o
                0x00000000d0000000                __config_D0000000

.text.Reset_Handler%11
                0x0000000000400188      0x160
 .text.Reset_Handler
                0x0000000000400188      0x160 build/default/production/_ext/1171490990/startup_xc32.o
                0x0000000000400188                Reset_Handler

.text.SPI0_InterruptHandler%12
                0x00000000004002e8      0x140
 .text.SPI0_InterruptHandler
                0x00000000004002e8      0x140 build/default/production/_ext/298189674/plib_spi0_master.o
                0x00000000004002e8                SPI0_InterruptHandler

.text.SPI0_WriteRead%13
                0x0000000000400428      0x124
 .text.SPI0_WriteRead
                0x0000000000400428      0x124 build/default/production/_ext/298189674/plib_spi0_master.o
                0x0000000000400428                SPI0_WriteRead

.text.PIO_Initialize%14
                0x000000000040054c       0xd0
 .text.PIO_Initialize
                0x000000000040054c       0xd0 build/default/production/_ext/60177924/plib_pio.o
                0x000000000040054c                PIO_Initialize

.dinit%15       0x000000000040061c       0x80
 .dinit         0x000000000040061c       0x80 data_init

.text.USART1_Write%16
                0x000000000040069c       0x78
 .text.USART1_Write
                0x000000000040069c       0x78 build/default/production/_ext/2001315827/plib_usart1.o
                0x000000000040069c                USART1_Write

.text.USART1_ISR_TX_Handler%17
                0x0000000000400714       0x74
 .text.USART1_ISR_TX_Handler
                0x0000000000400714       0x74 build/default/production/_ext/2001315827/plib_usart1.o

.text.CLOCK_Initialize%18
                0x0000000000400788       0x68
 .text.CLOCK_Initialize
                0x0000000000400788       0x68 build/default/production/_ext/60165520/plib_clk.o
                0x0000000000400788                CLOCK_Initialize

.text.USART1_ISR_RX_Handler%19
                0x00000000004007f0       0x68
 .text.USART1_ISR_RX_Handler
                0x00000000004007f0       0x68 build/default/production/_ext/2001315827/plib_usart1.o

.text.USART1_InterruptHandler%20
                0x0000000000400858       0x64
 .text.USART1_InterruptHandler
                0x0000000000400858       0x64 build/default/production/_ext/2001315827/plib_usart1.o
                0x0000000000400858                USART1_InterruptHandler

.text.NVIC_Initialize%21
                0x00000000004008bc       0x60
 .text.NVIC_Initialize
                0x00000000004008bc       0x60 build/default/production/_ext/1865468468/plib_nvic.o
                0x00000000004008bc                NVIC_Initialize

.text.__libc_start_init%22
                0x000000000040091c       0x5c
 .text.__libc_start_init
                0x000000000040091c       0x5c c:/program files/microchip/xc32/v4.60/bin/bin/../../lib/gcc/pic32c/8.3.1/../../../../pic32c/lib/thumb/v7e-m+dp/hard\libc-musl.a(__libc_start_main.o)
                0x000000000040091c                __libc_init_array

.text.main%23   0x0000000000400978       0x54
 .text.main     0x0000000000400978       0x54 build/default/production/_ext/1360937237/main.o
                0x0000000000400978                main

.text%24        0x00000000004009cc       0x40
 .text          0x00000000004009cc       0x40 c:/program files/microchip/xc32/v4.60/bin/bin/../../lib/gcc/pic32c/8.3.1/thumb/v7e-m+dp/hard/crtbegin.o

.text.USART1_Initialize%25
                0x0000000000400a0c       0x3c
 .text.USART1_Initialize
                0x0000000000400a0c       0x3c build/default/production/_ext/2001315827/plib_usart1.o
                0x0000000000400a0c                USART1_Initialize

.text.__pic32c_data_initialization%26
                0x0000000000400a48       0x38
 .text.__pic32c_data_initialization
                0x0000000000400a48       0x38 c:/program files/microchip/xc32/v4.60/bin/bin/../../lib/gcc/pic32c/8.3.1/../../../../pic32c/lib/thumb/v7e-m+dp/hard\libpic32c.a(data_init.o)
                0x0000000000400a48                __pic32c_data_initialization

.text.SPI0_Initialize%27
                0x0000000000400a80       0x2c
 .text.SPI0_Initialize
                0x0000000000400a80       0x2c build/default/production/_ext/298189674/plib_spi0_master.o
                0x0000000000400a80                SPI0_Initialize

.text.USART1_ErrorClear%28
                0x0000000000400aac       0x2c
 .text.USART1_ErrorClear
                0x0000000000400aac       0x2c build/default/production/_ext/2001315827/plib_usart1.o

.text.SYS_Initialize%29
                0x0000000000400ad8       0x2c
 .text.SYS_Initialize
                0x0000000000400ad8       0x2c build/default/production/_ext/1171490990/initialization.o
                0x0000000000400ad8                SYS_Initialize

.rodata.main.str1.4%30
                0x0000000000400b04       0x24
 .rodata.main.str1.4
                0x0000000000400b04       0x24 build/default/production/_ext/1360937237/main.o

.text.__dinit_copy%31
                0x0000000000400b28       0x1e
 .text.__dinit_copy
                0x0000000000400b28       0x1e c:/program files/microchip/xc32/v4.60/bin/bin/../../lib/gcc/pic32c/8.3.1/../../../../pic32c/lib/thumb/v7e-m+dp/hard\libpic32c.a(pic32_data_init_copy.o)
                0x0000000000400b28                __dinit_copy_needed
                0x0000000000400b28                __dinit_copy

.text.SPI0_IsBusy%32
                0x0000000000400b48       0x1c
 .text.SPI0_IsBusy
                0x0000000000400b48       0x1c build/default/production/_ext/298189674/plib_spi0_master.o
                0x0000000000400b48                SPI0_IsBusy

.rodata%33      0x0000000000400b64       0x14
 .rodata        0x0000000000400b64       0x14 c:/program files/microchip/xc32/v4.60/bin/bin/../../lib/gcc/pic32c/8.3.1/../../../../pic32c/lib/thumb/v7e-m+dp/hard\libpic32c.a(data_init.o)

.text.__dinit_clear%34
                0x0000000000400b78       0x12
 .text.__dinit_clear
                0x0000000000400b78       0x12 c:/program files/microchip/xc32/v4.60/bin/bin/../../lib/gcc/pic32c/8.3.1/../../../../pic32c/lib/thumb/v7e-m+dp/hard\libpic32c.a(pic32_data_init_clear.o)
                0x0000000000400b78                __dinit_clear
                0x0000000000400b78                __dinit_clear_needed

.text.EFC_Initialize%35
                0x0000000000400b8c       0x10
 .text.EFC_Initialize
                0x0000000000400b8c       0x10 build/default/production/_ext/60167248/plib_efc.o
                0x0000000000400b8c                EFC_Initialize

.text.USART1_WriteIsBusy%36
                0x0000000000400b9c        0xc
 .text.USART1_WriteIsBusy
                0x0000000000400b9c        0xc build/default/production/_ext/2001315827/plib_usart1.o
                0x0000000000400b9c                USART1_WriteIsBusy

.text.__dummy_decompress%37
                0x0000000000400ba8        0x4
 .text.__dummy_decompress
                0x0000000000400ba8        0x4 c:/program files/microchip/xc32/v4.60/bin/bin/../../lib/gcc/pic32c/8.3.1/../../../../pic32c/lib/thumb/v7e-m+dp/hard\libpic32c.a(data_init.o)
                0x0000000000400ba8                __dinit_decompress
                0x0000000000400ba8                __dinit_copy_val_data
                0x0000000000400ba8                __dinit_copy_emb

.text.NonMaskableInt_Handler%38
                0x0000000000400b46        0x2
 .text.NonMaskableInt_Handler
                0x0000000000400b46        0x2 build/default/production/_ext/1171490990/exceptions.o
                0x0000000000400b46                NonMaskableInt_Handler

.text.HardFault_Handler%39
                0x0000000000400b8a        0x2
 .text.HardFault_Handler
                0x0000000000400b8a        0x2 build/default/production/_ext/1171490990/exceptions.o
                0x0000000000400b8a                HardFault_Handler

.text.DebugMonitor_Handler%40
                0x0000000000400bac        0x2
 .text.DebugMonitor_Handler
                0x0000000000400bac        0x2 build/default/production/_ext/1171490990/exceptions.o
                0x0000000000400bac                DebugMonitor_Handler

.text.MemoryManagement_Handler%41
                0x0000000000400bae        0x2
 .text.MemoryManagement_Handler
                0x0000000000400bae        0x2 build/default/production/_ext/1171490990/exceptions.o
                0x0000000000400bae                MemoryManagement_Handler

.text.BusFault_Handler%42
                0x0000000000400bb0        0x2
 .text.BusFault_Handler
                0x0000000000400bb0        0x2 build/default/production/_ext/1171490990/exceptions.o
                0x0000000000400bb0                BusFault_Handler

.text.UsageFault_Handler%43
                0x0000000000400bb2        0x2
 .text.UsageFault_Handler
                0x0000000000400bb2        0x2 build/default/production/_ext/1171490990/exceptions.o
                0x0000000000400bb2                UsageFault_Handler

.text.Dummy_App_Func%44
                0x0000000000400bb4        0x2
 .text.Dummy_App_Func
                0x0000000000400bb4        0x2 build/default/production/_ext/1171490990/startup_xc32.o
                0x0000000000400bb4                _on_reset
                0x0000000000400bb4                _on_bootstrap
                0x0000000000400bb4                __xc32_on_reset
                0x0000000000400bb4                Dummy_App_Func
                0x0000000000400bb4                __xc32_on_bootstrap

.text.Dummy_Handler%45
                0x0000000000400bb6        0x2
 .text.Dummy_Handler
                0x0000000000400bb6        0x2 build/default/production/_ext/1171490990/interrupts.o
                0x0000000000400bb6                DACC_Handler
                0x0000000000400bb6                SVCall_Handler
                0x0000000000400bb6                TC0_CH2_Handler
                0x0000000000400bb6                TC3_CH1_Handler
                0x0000000000400bb6                UART3_Handler
                0x0000000000400bb6                UART2_Handler
                0x0000000000400bb6                TRNG_Handler
                0x0000000000400bb6                SysTick_Handler
                0x0000000000400bb6                AFEC1_Handler
                0x0000000000400bb6                PendSV_Handler
                0x0000000000400bb6                TC0_CH1_Handler
                0x0000000000400bb6                QSPI_Handler
                0x0000000000400bb6                ISI_Handler
                0x0000000000400bb6                MCAN0_INT0_Handler
                0x0000000000400bb6                RSWDT_Handler
                0x0000000000400bb6                USART0_Handler
                0x0000000000400bb6                TC1_CH2_Handler
                0x0000000000400bb6                RTT_Handler
                0x0000000000400bb6                USBHS_Handler
                0x0000000000400bb6                IXC_Handler
                0x0000000000400bb6                CCF_Handler
                0x0000000000400bb6                PIOB_Handler
                0x0000000000400bb6                RTC_Handler
                0x0000000000400bb6                WDT_Handler
                0x0000000000400bb6                MCAN1_INT1_Handler
                0x0000000000400bb6                HSMCI_Handler
                0x0000000000400bb6                UART1_Handler
                0x0000000000400bb6                Dummy_Handler
                0x0000000000400bb6                TWIHS1_Handler
                0x0000000000400bb6                TC3_CH2_Handler
                0x0000000000400bb6                XDMAC_Handler
                0x0000000000400bb6                UART4_Handler
                0x0000000000400bb6                TC2_CH0_Handler
                0x0000000000400bb6                PWM1_Handler
                0x0000000000400bb6                PWM0_Handler
                0x0000000000400bb6                PIOA_Handler
                0x0000000000400bb6                AFEC0_Handler
                0x0000000000400bb6                CCW_Handler
                0x0000000000400bb6                TC3_CH0_Handler
                0x0000000000400bb6                SSC_Handler
                0x0000000000400bb6                TC1_CH0_Handler
                0x0000000000400bb6                ACC_Handler
                0x0000000000400bb6                PMC_Handler
                0x0000000000400bb6                GMAC_Handler
                0x0000000000400bb6                TC2_CH2_Handler
                0x0000000000400bb6                MCAN0_INT1_Handler
                0x0000000000400bb6                GMAC_Q5_Handler
                0x0000000000400bb6                SUPC_Handler
                0x0000000000400bb6                TC2_CH1_Handler
                0x0000000000400bb6                MCAN1_INT0_Handler
                0x0000000000400bb6                EFC_Handler
                0x0000000000400bb6                GMAC_Q1_Handler
                0x0000000000400bb6                USART2_Handler
                0x0000000000400bb6                GMAC_Q2_Handler
                0x0000000000400bb6                PIOE_Handler
                0x0000000000400bb6                SPI1_Handler
                0x0000000000400bb6                TC1_CH1_Handler
                0x0000000000400bb6                GMAC_Q3_Handler
                0x0000000000400bb6                PIOD_Handler
                0x0000000000400bb6                TWIHS2_Handler
                0x0000000000400bb6                I2SC0_Handler
                0x0000000000400bb6                UART0_Handler
                0x0000000000400bb6                I2SC1_Handler
                0x0000000000400bb6                TC0_CH0_Handler
                0x0000000000400bb6                PIOC_Handler
                0x0000000000400bb6                GMAC_Q4_Handler
                0x0000000000400bb6                FPU_Handler
                0x0000000000400bb6                RSTC_Handler
                0x0000000000400bb6                ICM_Handler
                0x0000000000400bb6                AES_Handler
                0x0000000000400bb6                TWIHS0_Handler

.text.__dummy_init_tls%46
                0x0000000000400bb8        0x2
 .text.__dummy_init_tls
                0x0000000000400bb8        0x2 c:/program files/microchip/xc32/v4.60/bin/bin/../../lib/gcc/pic32c/8.3.1/../../../../pic32c/lib/thumb/v7e-m+dp/hard\libpic32c.a(data_init.o)
                0x0000000000400bb8                xc32_init_tls

.text.__dummy%47
                0x0000000000400bba        0x2
 .text.__dummy  0x0000000000400bba        0x2 c:/program files/microchip/xc32/v4.60/bin/bin/../../lib/gcc/pic32c/8.3.1/../../../../pic32c/lib/thumb/v7e-m+dp/hard\libc-musl.a(__libc_start_main.o)
                0x0000000000400bba                __init_stdio
                0x0000000000400bba                __init_host
